Archive member included to satisfy reference by file (symbol)

/usr/lib/gcc/arm-none-eabi/10.3.1/../../../arm-none-eabi/lib/thumb/v7e-m/nofp/libc_nano.a(lib_a-atexit.o)
                              /usr/lib/gcc/arm-none-eabi/10.3.1/../../../arm-none-eabi/lib/thumb/v7e-m/nofp/crt0.o (atexit)
/usr/lib/gcc/arm-none-eabi/10.3.1/../../../arm-none-eabi/lib/thumb/v7e-m/nofp/libc_nano.a(lib_a-exit.o)
                              /usr/lib/gcc/arm-none-eabi/10.3.1/../../../arm-none-eabi/lib/thumb/v7e-m/nofp/crt0.o (exit)
/usr/lib/gcc/arm-none-eabi/10.3.1/../../../arm-none-eabi/lib/thumb/v7e-m/nofp/libc_nano.a(lib_a-fini.o)
                              /usr/lib/gcc/arm-none-eabi/10.3.1/../../../arm-none-eabi/lib/thumb/v7e-m/nofp/crt0.o (__libc_fini_array)
/usr/lib/gcc/arm-none-eabi/10.3.1/../../../arm-none-eabi/lib/thumb/v7e-m/nofp/libc_nano.a(lib_a-impure.o)
                              /usr/lib/gcc/arm-none-eabi/10.3.1/../../../arm-none-eabi/lib/thumb/v7e-m/nofp/libc_nano.a(lib_a-exit.o) (_global_impure_ptr)
/usr/lib/gcc/arm-none-eabi/10.3.1/../../../arm-none-eabi/lib/thumb/v7e-m/nofp/libc_nano.a(lib_a-init.o)
                              /usr/lib/gcc/arm-none-eabi/10.3.1/../../../arm-none-eabi/lib/thumb/v7e-m/nofp/crt0.o (__libc_init_array)
/usr/lib/gcc/arm-none-eabi/10.3.1/../../../arm-none-eabi/lib/thumb/v7e-m/nofp/libc_nano.a(lib_a-memcpy.o)
                              CMakeFiles/qingluan.elf.dir/STM32F40x_FWLib/src/stm32f4xx_cryp_aes.c.o (memcpy)
/usr/lib/gcc/arm-none-eabi/10.3.1/../../../arm-none-eabi/lib/thumb/v7e-m/nofp/libc_nano.a(lib_a-memset.o)
                              /usr/lib/gcc/arm-none-eabi/10.3.1/../../../arm-none-eabi/lib/thumb/v7e-m/nofp/crt0.o (memset)
/usr/lib/gcc/arm-none-eabi/10.3.1/../../../arm-none-eabi/lib/thumb/v7e-m/nofp/libc_nano.a(lib_a-nano-vfprintf_float.o)
                              (_printf_float)
/usr/lib/gcc/arm-none-eabi/10.3.1/../../../arm-none-eabi/lib/thumb/v7e-m/nofp/libc_nano.a(lib_a-nano-vfprintf_i.o)
                              /usr/lib/gcc/arm-none-eabi/10.3.1/../../../arm-none-eabi/lib/thumb/v7e-m/nofp/libc_nano.a(lib_a-nano-vfprintf_float.o) (_printf_common)
/usr/lib/gcc/arm-none-eabi/10.3.1/../../../arm-none-eabi/lib/thumb/v7e-m/nofp/libc_nano.a(lib_a-nano-vfscanf_float.o)
                              (_scanf_float)
/usr/lib/gcc/arm-none-eabi/10.3.1/../../../arm-none-eabi/lib/thumb/v7e-m/nofp/libc_nano.a(lib_a-printf.o)
                              CMakeFiles/qingluan.elf.dir/Src/i2c.c.o (printf)
/usr/lib/gcc/arm-none-eabi/10.3.1/../../../arm-none-eabi/lib/thumb/v7e-m/nofp/libc_nano.a(lib_a-puts.o)
                              CMakeFiles/qingluan.elf.dir/Src/main.c.o (puts)
/usr/lib/gcc/arm-none-eabi/10.3.1/../../../arm-none-eabi/lib/thumb/v7e-m/nofp/libc_nano.a(lib_a-sf_nan.o)
                              /usr/lib/gcc/arm-none-eabi/10.3.1/../../../arm-none-eabi/lib/thumb/v7e-m/nofp/libc_nano.a(lib_a-nano-vfscanf_float.o) (nanf)
/usr/lib/gcc/arm-none-eabi/10.3.1/../../../arm-none-eabi/lib/thumb/v7e-m/nofp/libc_nano.a(lib_a-sprintf.o)
                              /usr/lib/gcc/arm-none-eabi/10.3.1/../../../arm-none-eabi/lib/thumb/v7e-m/nofp/libc_nano.a(lib_a-nano-vfscanf_float.o) (sprintf)
/usr/lib/gcc/arm-none-eabi/10.3.1/../../../arm-none-eabi/lib/thumb/v7e-m/nofp/libc_nano.a(lib_a-strlen.o)
                              /usr/lib/gcc/arm-none-eabi/10.3.1/../../../arm-none-eabi/lib/thumb/v7e-m/nofp/libc_nano.a(lib_a-nano-vfprintf_float.o) (strlen)
/usr/lib/gcc/arm-none-eabi/10.3.1/../../../arm-none-eabi/lib/thumb/v7e-m/nofp/libc_nano.a(lib_a-strtod.o)
                              /usr/lib/gcc/arm-none-eabi/10.3.1/../../../arm-none-eabi/lib/thumb/v7e-m/nofp/libc_nano.a(lib_a-nano-vfscanf_float.o) (_strtod_r)
/usr/lib/gcc/arm-none-eabi/10.3.1/../../../arm-none-eabi/lib/thumb/v7e-m/nofp/libc_nano.a(lib_a-strtol.o)
                              /usr/lib/gcc/arm-none-eabi/10.3.1/../../../arm-none-eabi/lib/thumb/v7e-m/nofp/libc_nano.a(lib_a-nano-vfscanf_float.o) (_strtol_r)
/usr/lib/gcc/arm-none-eabi/10.3.1/../../../arm-none-eabi/lib/thumb/v7e-m/nofp/libc_nano.a(lib_a-wbuf.o)
                              /usr/lib/gcc/arm-none-eabi/10.3.1/../../../arm-none-eabi/lib/thumb/v7e-m/nofp/libc_nano.a(lib_a-puts.o) (__swbuf_r)
/usr/lib/gcc/arm-none-eabi/10.3.1/../../../arm-none-eabi/lib/thumb/v7e-m/nofp/libc_nano.a(lib_a-wsetup.o)
                              /usr/lib/gcc/arm-none-eabi/10.3.1/../../../arm-none-eabi/lib/thumb/v7e-m/nofp/libc_nano.a(lib_a-puts.o) (__swsetup_r)
/usr/lib/gcc/arm-none-eabi/10.3.1/../../../arm-none-eabi/lib/thumb/v7e-m/nofp/libc_nano.a(lib_a-__atexit.o)
                              /usr/lib/gcc/arm-none-eabi/10.3.1/../../../arm-none-eabi/lib/thumb/v7e-m/nofp/libc_nano.a(lib_a-atexit.o) (__register_exitproc)
/usr/lib/gcc/arm-none-eabi/10.3.1/../../../arm-none-eabi/lib/thumb/v7e-m/nofp/libc_nano.a(lib_a-__call_atexit.o)
[...]
Memory Configuration

Name             Origin             Length             Attributes
RAM              0x0000000020000000 0x0000000000018000 xrw
FLASH            0x0000000008000000 0x0000000000080000 xr
*default*        0x0000000000000000 0xffffffffffffffff

Linker script and memory map

LOAD /usr/lib/gcc/arm-none-eabi/10.3.1/thumb/v7e-m/nofp/crti.o
LOAD /usr/lib/gcc/arm-none-eabi/10.3.1/thumb/v7e-m/nofp/crtbegin.o
LOAD /usr/lib/gcc/arm-none-eabi/10.3.1/../../../arm-none-eabi/lib/thumb/v7e-m/nofp/crt0.o
LOAD CMakeFiles/qingluan.elf.dir/OS/src/app_hooks.c.o
LOAD CMakeFiles/qingluan.elf.dir/OS/src/os_core.c.o
LOAD CMakeFiles/qingluan.elf.dir/OS/src/os_cpu_c.c.o
LOAD CMakeFiles/qingluan.elf.dir/OS/src/os_dbg_r.c.o
LOAD CMakeFiles/qingluan.elf.dir/OS/src/os_flag.c.o
LOAD CMakeFiles/qingluan.elf.dir/OS/src/os_mbox.c.o
LOAD CMakeFiles/qingluan.elf.dir/OS/src/os_mem.c.o
LOAD CMakeFiles/qingluan.elf.dir/OS/src/os_mutex.c.o
LOAD CMakeFiles/qingluan.elf.dir/OS/src/os_q.c.o
LOAD CMakeFiles/qingluan.elf.dir/OS/src/os_sem.c.o
LOAD CMakeFiles/qingluan.elf.dir/OS/src/os_task.c.o
LOAD CMakeFiles/qingluan.elf.dir/OS/src/os_time.c.o
LOAD CMakeFiles/qingluan.elf.dir/OS/src/os_tmr.c.o
LOAD CMakeFiles/qingluan.elf.dir/STM32F40x_FWLib/src/misc.c.o
LOAD CMakeFiles/qingluan.elf.dir/STM32F40x_FWLib/src/stm32f4xx_adc.c.o
LOAD CMakeFiles/qingluan.elf.dir/STM32F40x_FWLib/src/stm32f4xx_can.c.o
LOAD CMakeFiles/qingluan.elf.dir/STM32F40x_FWLib/src/stm32f4xx_crc.c.o
LOAD CMakeFiles/qingluan.elf.dir/STM32F40x_FWLib/src/stm32f4xx_cryp.c.o
LOAD CMakeFiles/qingluan.elf.dir/STM32F40x_FWLib/src/stm32f4xx_cryp_aes.c.o
LOAD CMakeFiles/qingluan.elf.dir/STM32F40x_FWLib/src/stm32f4xx_cryp_des.c.o
LOAD CMakeFiles/qingluan.elf.dir/STM32F40x_FWLib/src/stm32f4xx_cryp_tdes.c.o
LOAD CMakeFiles/qingluan.elf.dir/STM32F40x_FWLib/src/stm32f4xx_dac.c.o
LOAD CMakeFiles/qingluan.elf.dir/STM32F40x_FWLib/src/stm32f4xx_dbgmcu.c.o
LOAD CMakeFiles/qingluan.elf.dir/STM32F40x_FWLib/src/stm32f4xx_dcmi.c.o
LOAD CMakeFiles/qingluan.elf.dir/STM32F40x_FWLib/src/stm32f4xx_dma.c.o
LOAD CMakeFiles/qingluan.elf.dir/STM32F40x_FWLib/src/stm32f4xx_dma2d.c.o
LOAD CMakeFiles/qingluan.elf.dir/STM32F40x_FWLib/src/stm32f4xx_exti.c.o
LOAD CMakeFiles/qingluan.elf.dir/STM32F40x_FWLib/src/stm32f4xx_flash.c.o
LOAD CMakeFiles/qingluan.elf.dir/STM32F40x_FWLib/src/stm32f4xx_flash_ramfunc.c.o
LOAD CMakeFiles/qingluan.elf.dir/STM32F40x_FWLib/src/stm32f4xx_gpio.c.o
LOAD CMakeFiles/qingluan.elf.dir/STM32F40x_FWLib/src/stm32f4xx_hash.c.o
LOAD CMakeFiles/qingluan.elf.dir/STM32F40x_FWLib/src/stm32f4xx_hash_md5.c.o
LOAD CMakeFiles/qingluan.elf.dir/STM32F40x_FWLib/src/stm32f4xx_hash_sha1.c.o
LOAD CMakeFiles/qingluan.elf.dir/STM32F40x_FWLib/src/stm32f4xx_i2c.c.o
LOAD CMakeFiles/qingluan.elf.dir/STM32F40x_FWLib/src/stm32f4xx_iwdg.c.o
LOAD CMakeFiles/qingluan.elf.dir/STM32F40x_FWLib/src/stm32f4xx_ltdc.c.o
LOAD CMakeFiles/qingluan.elf.dir/STM32F40x_FWLib/src/stm32f4xx_pwr.c.o
LOAD CMakeFiles/qingluan.elf.dir/STM32F40x_FWLib/src/stm32f4xx_rcc.c.o
LOAD CMakeFiles/qingluan.elf.dir/STM32F40x_FWLib/src/stm32f4xx_rng.c.o
LOAD CMakeFiles/qingluan.elf.dir/STM32F40x_FWLib/src/stm32f4xx_rtc.c.o
LOAD CMakeFiles/qingluan.elf.dir/STM32F40x_FWLib/src/stm32f4xx_sai.c.o
LOAD CMakeFiles/qingluan.elf.dir/STM32F40x_FWLib/src/stm32f4xx_sdio.c.o
LOAD CMakeFiles/qingluan.elf.dir/STM32F40x_FWLib/src/stm32f4xx_spi.c.o
LOAD CMakeFiles/qingluan.elf.dir/STM32F40x_FWLib/src/stm32f4xx_syscfg.c.o
LOAD CMakeFiles/qingluan.elf.dir/STM32F40x_FWLib/src/stm32f4xx_tim.c.o
LOAD CMakeFiles/qingluan.elf.dir/STM32F40x_FWLib/src/stm32f4xx_usart.c.o
LOAD CMakeFiles/qingluan.elf.dir/STM32F40x_FWLib/src/stm32f4xx_wwdg.c.o
LOAD CMakeFiles/qingluan.elf.dir/Src/delay.c.o
LOAD CMakeFiles/qingluan.elf.dir/Src/i2c.c.o
LOAD CMakeFiles/qingluan.elf.dir/Src/led.c.o
LOAD CMakeFiles/qingluan.elf.dir/Src/main.c.o
LOAD CMakeFiles/qingluan.elf.dir/Src/motor.c.o
LOAD CMakeFiles/qingluan.elf.dir/Src/mpu6050.c.o
LOAD CMakeFiles/qingluan.elf.dir/Src/myusart.c.o
LOAD CMakeFiles/qingluan.elf.dir/Src/stm32f4xx_it.c.o
LOAD CMakeFiles/qingluan.elf.dir/Src/system_stm32f4xx.c.o
LOAD CMakeFiles/qingluan.elf.dir/startup_stm32f401xe.s.o
LOAD CMakeFiles/qingluan.elf.dir/OS/os_cpu_a.S.o
LOAD /usr/lib/gcc/arm-none-eabi/10.3.1/../../../arm-none-eabi/lib/thumb/v7e-m/nofp/libc_nano.a
LOAD /usr/lib/gcc/arm-none-eabi/10.3.1/../../../arm-none-eabi/lib/thumb/v7e-m/nofp/libm.a
START GROUP
LOAD /usr/lib/gcc/arm-none-eabi/10.3.1/thumb/v7e-m/nofp/libgcc.a
LOAD /usr/lib/gcc/arm-none-eabi/10.3.1/../../../arm-none-eabi/lib/thumb/v7e-m/nofp/libg_nano.a
LOAD /usr/lib/gcc/arm-none-eabi/10.3.1/../../../arm-none-eabi/lib/thumb/v7e-m/nofp/libc_nano.a
END GROUP
START GROUP
LOAD /usr/lib/gcc/arm-none-eabi/10.3.1/thumb/v7e-m/nofp/libgcc.a
LOAD /usr/lib/gcc/arm-none-eabi/10.3.1/../../../arm-none-eabi/lib/thumb/v7e-m/nofp/libc_nano.a
LOAD /usr/lib/gcc/arm-none-eabi/10.3.1/../../../arm-none-eabi/lib/thumb/v7e-m/nofp/libnosys.a
END GROUP
START GROUP
LOAD /usr/lib/gcc/arm-none-eabi/10.3.1/thumb/v7e-m/nofp/libgcc.a
LOAD /usr/lib/gcc/arm-none-eabi/10.3.1/../../../arm-none-eabi/lib/thumb/v7e-m/nofp/libc_nano.a
LOAD /usr/lib/gcc/arm-none-eabi/10.3.1/../../../arm-none-eabi/lib/thumb/v7e-m/nofp/libnosys.a
END GROUP
LOAD /usr/lib/gcc/arm-none-eabi/10.3.1/thumb/v7e-m/nofp/crtend.o
LOAD /usr/lib/gcc/arm-none-eabi/10.3.1/thumb/v7e-m/nofp/crtn.o
                0x0000000020018000                _estack = (ORIGIN (RAM) + LENGTH (RAM))
                0x0000000000000200                _Min_Heap_Size = 0x200
                0x0000000000000400                _Min_Stack_Size = 0x400

.isr_vector     0x0000000008000000      0x194
                0x0000000008000000                . = ALIGN (0x4)
 *(.isr_vector)
 .isr_vector    0x0000000008000000      0x194 CMakeFiles/qingluan.elf.dir/startup_stm32f401xe.s.o
                0x0000000008000000                g_pfnVectors
                0x0000000008000194                . = ALIGN (0x4)

.text           0x00000000080001c0     0x90a8
                0x00000000080001c0                . = ALIGN (0x4)
 *(.text)
 .text          0x00000000080001c0       0x88 /usr/lib/gcc/arm-none-eabi/10.3.1/thumb/v7e-m/nofp/crtbegin.o
 .text          0x0000000008000248      0x138 CMakeFiles/qingluan.elf.dir/OS/os_cpu_a.S.o
                0x0000000008000248                OS_CPU_SR_Save
                0x0000000008000264                OS_CPU_SR_Restore
                0x0000000008000276                OSStartHighRdy
                0x00000000080002f6                OSCtxSw
                0x00000000080002f6                OSIntCtxSw
                0x0000000008000300                PendSV_Handler
 .text          0x0000000008000380       0x48 /usr/lib/gcc/arm-none-eabi/10.3.1/../../../arm-none-eabi/lib/thumb/v7e-m/nofp/libc_nano.a(lib_a-init.o)
                0x0000000008000380                __libc_init_array
 .text          0x00000000080003c8      0x134 /usr/lib/gcc/arm-none-eabi/10.3.1/../../../arm-none-eabi/lib/thumb/v7e-m/nofp/libc_nano.a(lib_a-memcpy.o)
                0x00000000080003c8                memcpy
 .text          0x00000000080004fc       0xa4 /usr/lib/gcc/arm-none-eabi/10.3.1/../../../arm-none-eabi/lib/thumb/v7e-m/nofp/libc_nano.a(lib_a-memset.o)
                0x00000000080004fc                memset
 .text          0x00000000080005a0      0x6d4 /usr/lib/gcc/arm-none-eabi/10.3.1/../../../arm-none-eabi/lib/thumb/v7e-m/nofp/libc_nano.a(lib_a-nano-vfprintf_float.o)
                0x00000000080005a0                __cvt
                0x00000000080006a0                __exponent
                0x000000000800073c                _printf_float
 .text          0x0000000008000c74      0x3dc /usr/lib/gcc/arm-none-eabi/10.3.1/../../../arm-none-eabi/lib/thumb/v7e-m/nofp/libc_nano.a(lib_a-nano-vfprintf_i.o)
                0x0000000008000c74                _printf_common
                0x0000000008000da0                _printf_i
 .text          0x0000000008001050      0x4a0 /usr/lib/gcc/arm-none-eabi/10.3.1/../../../arm-none-eabi/lib/thumb/v7e-m/nofp/libc_nano.a(lib_a-nano-vfscanf_float.o)
                0x0000000008001050                _scanf_float
 .text          0x00000000080014f0       0x60 /usr/lib/gcc/arm-none-eabi/10.3.1/../../../arm-none-eabi/lib/thumb/v7e-m/nofp/libc_nano.a(lib_a-printf.o)
                0x00000000080014f0                _printf_r
                0x00000000080014f0                _iprintf_r
                0x000000000800151c                printf
                0x000000000800151c                iprintf
 .text          0x0000000008001550       0xe4 /usr/lib/gcc/arm-none-eabi/10.3.1/../../../arm-none-eabi/lib/thumb/v7e-m/nofp/libc_nano.a(lib_a-puts.o)
                0x0000000008001550                _puts_r
                0x0000000008001624                puts
 .text          0x0000000008001634        0x8 /usr/lib/gcc/arm-none-eabi/10.3.1/../../../arm-none-eabi/lib/thumb/v7e-m/nofp/libc_nano.a(lib_a-sf_nan.o)
                0x0000000008001634                nanf
 .text          0x000000000800163c       0x78 /usr/lib/gcc/arm-none-eabi/10.3.1/../../../arm-none-eabi/lib/thumb/v7e-m/nofp/libc_nano.a(lib_a-sprintf.o)
                0x000000000800163c                _siprintf_r
                0x000000000800163c                _sprintf_r
                0x0000000008001674                sprintf
                0x0000000008001674                siprintf
 *fill*         0x00000000080016b4        0xc 
 .text          0x00000000080016c0       0xdc /usr/lib/gcc/arm-none-eabi/10.3.1/../../../arm-none-eabi/lib/thumb/v7e-m/nofp/libc_nano.a(lib_a-strlen.o)
                0x00000000080016c0                strlen
 *fill*         0x000000000800179c        0x4 
 .text          0x00000000080017a0     0x10ac /usr/lib/gcc/arm-none-eabi/10.3.1/../../../arm-none-eabi/lib/thumb/v7e-m/nofp/libc_nano.a(lib_a-strtod.o)
                0x00000000080017a0                _strtod_l
                0x00000000080026d0                _strtod_r
                0x00000000080026dc                strtod_l
                0x00000000080026f4                strtod
                0x0000000008002710                strtof_l
                0x00000000080027ac                strtof
 .text          0x000000000800284c      0x188 /usr/lib/gcc/arm-none-eabi/10.3.1/../../../arm-none-eabi/lib/thumb/v7e-m/nofp/libc_nano.a(lib_a-strtol.o)
                0x000000000800296c                _strtol_r
                0x0000000008002984                strtol_l
                0x00000000080029ac                strtol
 .text          0x00000000080029d4       0xc8 /usr/lib/gcc/arm-none-eabi/10.3.1/../../../arm-none-eabi/lib/thumb/v7e-m/nofp/libc_nano.a(lib_a-wbuf.o)
                0x00000000080029d4                __swbuf_r
                0x0000000008002a84                __swbuf
 .text          0x0000000008002a9c      0x104 /usr/lib/gcc/arm-none-eabi/10.3.1/../../../arm-none-eabi/lib/thumb/v7e-m/nofp/libc_nano.a(lib_a-wsetup.o)
                0x0000000008002a9c                __swsetup_r
 .text          0x0000000008002ba0     0x1020 /usr/lib/gcc/arm-none-eabi/10.3.1/../../../arm-none-eabi/lib/thumb/v7e-m/nofp/libc_nano.a(lib_a-dtoa.o)
                0x0000000008002cc4                _dtoa_r
 .text          0x0000000008003bc0        0xc /usr/lib/gcc/arm-none-eabi/10.3.1/../../../arm-none-eabi/lib/thumb/v7e-m/nofp/libc_nano.a(lib_a-errno.o)
                0x0000000008003bc0                __errno
 .text          0x0000000008003bcc      0x1d8 /usr/lib/gcc/arm-none-eabi/10.3.1/../../../arm-none-eabi/lib/thumb/v7e-m/nofp/libc_nano.a(lib_a-fflush.o)
                0x0000000008003bcc                __sflush_r
                0x0000000008003cd0                _fflush_r
                0x0000000008003d24                fflush
 .text          0x0000000008003da4      0x238 /usr/lib/gcc/arm-none-eabi/10.3.1/../../../arm-none-eabi/lib/thumb/v7e-m/nofp/libc_nano.a(lib_a-findfp.o)
                0x0000000008003da8                _cleanup_r
                0x0000000008003db8                __sfmoreglue
                0x0000000008003de8                __sfp
                0x0000000008003f88                _cleanup
                0x0000000008003f9c                __sinit
                0x0000000008003fa4                __sfp_lock_acquire
                0x0000000008003fa8                __sfp_lock_release
                0x0000000008003fac                __sinit_lock_acquire
                0x0000000008003fb0                __sinit_lock_release
                0x0000000008003fb4                __fp_lock_all
                0x0000000008003fc8                __fp_unlock_all
 .text          0x0000000008003fdc       0x88 /usr/lib/gcc/arm-none-eabi/10.3.1/../../../arm-none-eabi/lib/thumb/v7e-m/nofp/libc_nano.a(lib_a-fwalk.o)
                0x0000000008003fdc                _fwalk
                0x000000000800401c                _fwalk_reent
 .text          0x0000000008004064      0x660 /usr/lib/gcc/arm-none-eabi/10.3.1/../../../arm-none-eabi/lib/thumb/v7e-m/nofp/libc_nano.a(lib_a-gdtoa-gethex.o)
                0x0000000008004108                __gethex
 .text          0x00000000080046c4      0x1e0 /usr/lib/gcc/arm-none-eabi/10.3.1/../../../arm-none-eabi/lib/thumb/v7e-m/nofp/libc_nano.a(lib_a-gdtoa-hexnan.o)
                0x00000000080046c4                __match
                0x00000000080046f8                __hexnan
 .text          0x00000000080048a4       0x14 /usr/lib/gcc/arm-none-eabi/10.3.1/../../../arm-none-eabi/lib/thumb/v7e-m/nofp/libc_nano.a(lib_a-localeconv.o)
                0x00000000080048a4                __localeconv_l
                0x00000000080048a8                _localeconv_r
                0x00000000080048b0                localeconv
 .text          0x00000000080048b8      0x11c /usr/lib/gcc/arm-none-eabi/10.3.1/../../../arm-none-eabi/lib/thumb/v7e-m/nofp/libc_nano.a(lib_a-makebuf.o)
                0x00000000080048b8                __smakebuf_r
                0x0000000008004978                __swhatbuf_r
 .text          0x00000000080049d4       0x20 /usr/lib/gcc/arm-none-eabi/10.3.1/../../../arm-none-eabi/lib/thumb/v7e-m/nofp/libc_nano.a(lib_a-malloc.o)
                0x00000000080049d4                malloc
                0x00000000080049e4                free
 .text          0x00000000080049f4       0x40 /usr/lib/gcc/arm-none-eabi/10.3.1/../../../arm-none-eabi/lib/thumb/v7e-m/nofp/libc_nano.a(lib_a-mbtowc_r.o)
                0x00000000080049f4                _mbtowc_r
                0x0000000008004a08                __ascii_mbtowc
 *fill*         0x0000000008004a34        0xc 
 .text          0x0000000008004a40       0xa0 /usr/lib/gcc/arm-none-eabi/10.3.1/../../../arm-none-eabi/lib/thumb/v7e-m/nofp/libc_nano.a(lib_a-memchr.o)
                0x0000000008004a40                memchr
 .text          0x0000000008004ae0      0xab8 /usr/lib/gcc/arm-none-eabi/10.3.1/../../../arm-none-eabi/lib/thumb/v7e-m/nofp/libc_nano.a(lib_a-mprec.o)
                0x0000000008004ae0                _Balloc
                0x0000000008004b60                _Bfree
                0x0000000008004ba8                __multadd
                0x0000000008004c44                __s2b
                0x0000000008004cf8                __hi0bits
                0x0000000008004d38                __lo0bits
                0x0000000008004d94                __i2b
                0x0000000008004dc0                __multiply
                0x0000000008004f1c                __pow5mult
                0x0000000008004ffc                __lshift
                0x00000000080050e4                __mcmp
                0x0000000008005124                __mdiff
                0x0000000008005270                __ulp
                0x00000000080052b4                __b2d
                0x0000000008005384                __d2b
                0x0000000008005448                __ratio
                0x00000000080054a4                _mprec_log10
                0x00000000080054dc                __copybits
                0x0000000008005538                __any_on
 .text          0x0000000008005598       0x1c /usr/lib/gcc/arm-none-eabi/10.3.1/../../../arm-none-eabi/lib/thumb/v7e-m/nofp/libc_nano.a(lib_a-nano-callocr.o)
                0x0000000008005598                _calloc_r
 .text          0x00000000080055b4       0xbc /usr/lib/gcc/arm-none-eabi/10.3.1/../../../arm-none-eabi/lib/thumb/v7e-m/nofp/libc_nano.a(lib_a-nano-freer.o)
                0x00000000080055b4                _free_r
 .text          0x0000000008005670       0xb4 /usr/lib/gcc/arm-none-eabi/10.3.1/../../../arm-none-eabi/lib/thumb/v7e-m/nofp/libc_nano.a(lib_a-nano-mallocr.o)
                0x0000000008005670                _malloc_r
 .text          0x0000000008005724      0x3f0 /usr/lib/gcc/arm-none-eabi/10.3.1/../../../arm-none-eabi/lib/thumb/v7e-m/nofp/libc_nano.a(lib_a-nano-svfprintf.o)
                0x0000000008005724                __ssputs_r
                0x00000000080057e8                __ssprint_r
                0x00000000080058e0                _svfprintf_r
                0x00000000080058e0                _svfiprintf_r
 .text          0x0000000008005b14      0x310 /usr/lib/gcc/arm-none-eabi/10.3.1/../../../arm-none-eabi/lib/thumb/v7e-m/nofp/libc_nano.a(lib_a-nano-vfprintf.o)
                0x0000000008005b3c                __sfputs_r
                0x0000000008005b6c                __sprint_r
                0x0000000008005b88                _vfiprintf_r
                0x0000000008005b88                _vfprintf_r
                0x0000000008005e0c                vfiprintf
                0x0000000008005e0c                vfprintf
 .text          0x0000000008005e24        0xc /usr/lib/gcc/arm-none-eabi/10.3.1/../../../arm-none-eabi/lib/thumb/v7e-m/nofp/libc_nano.a(lib_a-s_nan.o)
                0x0000000008005e24                nan
 .text          0x0000000008005e30       0x24 /usr/lib/gcc/arm-none-eabi/10.3.1/../../../arm-none-eabi/lib/thumb/v7e-m/nofp/libc_nano.a(lib_a-sbrkr.o)
                0x0000000008005e30                _sbrk_r
 .text          0x0000000008005e54       0x90 /usr/lib/gcc/arm-none-eabi/10.3.1/../../../arm-none-eabi/lib/thumb/v7e-m/nofp/libc_nano.a(lib_a-stdio.o)
                0x0000000008005e54                __sread
                0x0000000008005e78                __seofread
                0x0000000008005e7c                __swrite
                0x0000000008005ebc                __sseek
                0x0000000008005edc                __sclose
 .text          0x0000000008005ee4       0x80 /usr/lib/gcc/arm-none-eabi/10.3.1/../../../arm-none-eabi/lib/thumb/v7e-m/nofp/libc_nano.a(lib_a-strncmp.o)
                0x0000000008005ee4                strncmp
 .text          0x0000000008005f64       0x30 /usr/lib/gcc/arm-none-eabi/10.3.1/../../../arm-none-eabi/lib/thumb/v7e-m/nofp/libc_nano.a(lib_a-wctomb_r.o)
                0x0000000008005f64                _wctomb_r
                0x0000000008005f78                __ascii_wctomb
 .text          0x0000000008005f94       0x2c /usr/lib/gcc/arm-none-eabi/10.3.1/../../../arm-none-eabi/lib/thumb/v7e-m/nofp/libc_nano.a(lib_a-writer.o)
                0x0000000008005f94                _write_r
 .text          0x0000000008005fc0       0x4c /usr/lib/gcc/arm-none-eabi/10.3.1/../../../arm-none-eabi/lib/thumb/v7e-m/nofp/libc_nano.a(lib_a-assert.o)
                0x0000000008005fc0                __assert_func
                0x0000000008006000                __assert
 .text          0x000000000800600c       0x24 /usr/lib/gcc/arm-none-eabi/10.3.1/../../../arm-none-eabi/lib/thumb/v7e-m/nofp/libc_nano.a(lib_a-closer.o)
                0x000000000800600c                _close_r
 .text          0x0000000008006030       0x44 /usr/lib/gcc/arm-none-eabi/10.3.1/../../../arm-none-eabi/lib/thumb/v7e-m/nofp/libc_nano.a(lib_a-fprintf.o)
                0x0000000008006030                _fprintf_r
                0x0000000008006030                _fiprintf_r
                0x000000000800604c                fprintf
                0x000000000800604c                fiprintf
 .text          0x0000000008006074       0x2c /usr/lib/gcc/arm-none-eabi/10.3.1/../../../arm-none-eabi/lib/thumb/v7e-m/nofp/libc_nano.a(lib_a-fstatr.o)
                0x0000000008006074                _fstat_r
 .text          0x00000000080060a0      0x2e8 /usr/lib/gcc/arm-none-eabi/10.3.1/../../../arm-none-eabi/lib/thumb/v7e-m/nofp/libc_nano.a(lib_a-fvwrite.o)
                0x00000000080060a0                __sfvwrite_r
 .text          0x0000000008006388       0x24 /usr/lib/gcc/arm-none-eabi/10.3.1/../../../arm-none-eabi/lib/thumb/v7e-m/nofp/libc_nano.a(lib_a-isattyr.o)
                0x0000000008006388                _isatty_r
 .text          0x00000000080063ac       0x2c /usr/lib/gcc/arm-none-eabi/10.3.1/../../../arm-none-eabi/lib/thumb/v7e-m/nofp/libc_nano.a(lib_a-lseekr.o)
                0x00000000080063ac                _lseek_r
 .text          0x00000000080063d8       0xf8 /usr/lib/gcc/arm-none-eabi/10.3.1/../../../arm-none-eabi/lib/thumb/v7e-m/nofp/libc_nano.a(lib_a-memmove.o)
                0x00000000080063d8                memmove
 .text          0x00000000080064d0        0x8 /usr/lib/gcc/arm-none-eabi/10.3.1/../../../arm-none-eabi/lib/thumb/v7e-m/nofp/libc_nano.a(lib_a-mlock.o)
                0x00000000080064d0                __malloc_lock
                0x00000000080064d4                __malloc_unlock
 .text          0x00000000080064d8       0x50 /usr/lib/gcc/arm-none-eabi/10.3.1/../../../arm-none-eabi/lib/thumb/v7e-m/nofp/libc_nano.a(lib_a-nano-reallocr.o)
                0x00000000080064d8                _realloc_r
 .text          0x0000000008006528       0x2c /usr/lib/gcc/arm-none-eabi/10.3.1/../../../arm-none-eabi/lib/thumb/v7e-m/nofp/libc_nano.a(lib_a-readr.o)
                0x0000000008006528                _read_r
 .text          0x0000000008006554       0x10 /usr/lib/gcc/arm-none-eabi/10.3.1/../../../arm-none-eabi/lib/thumb/v7e-m/nofp/libc_nano.a(lib_a-abort.o)
                0x0000000008006554                abort
 .text          0x0000000008006564       0x14 /usr/lib/gcc/arm-none-eabi/10.3.1/../../../arm-none-eabi/lib/thumb/v7e-m/nofp/libc_nano.a(lib_a-nano-msizer.o)
                0x0000000008006564                _malloc_usable_size_r
 .text          0x0000000008006578      0x268 /usr/lib/gcc/arm-none-eabi/10.3.1/../../../arm-none-eabi/lib/thumb/v7e-m/nofp/libc_nano.a(lib_a-signal.o)
                0x0000000008006578                _init_signal_r
                0x00000000080065a4                _signal_r
                0x00000000080065ec                _raise_r
                0x0000000008006640                __sigtramp_r
                0x00000000080066a0                raise
                0x00000000080066f8                signal
                0x0000000008006748                _init_signal
                0x000000000800677c                __sigtramp
 .text          0x00000000080067e0       0x30 /usr/lib/gcc/arm-none-eabi/10.3.1/../../../arm-none-eabi/lib/thumb/v7e-m/nofp/libc_nano.a(lib_a-signalr.o)
                0x00000000080067e0                _kill_r
                0x000000000800680c                _getpid_r
 .text          0x0000000008006810      0x378 /usr/lib/gcc/arm-none-eabi/10.3.1/thumb/v7e-m/nofp/libgcc.a(_arm_addsubdf3.o)
                0x0000000008006810                __aeabi_drsub
                0x0000000008006818                __aeabi_dsub
                0x0000000008006818                __subdf3
                0x000000000800681c                __adddf3
                0x000000000800681c                __aeabi_dadd
                0x0000000008006a94                __aeabi_ui2d
                0x0000000008006a94                __floatunsidf
                0x0000000008006ab4                __floatsidf
                0x0000000008006ab4                __aeabi_i2d
                0x0000000008006ad8                __extendsfdf2
                0x0000000008006ad8                __aeabi_f2d
                0x0000000008006b1c                __aeabi_ul2d
                0x0000000008006b1c                __floatundidf
                0x0000000008006b2c                __floatdidf
                0x0000000008006b2c                __aeabi_l2d
 .text          0x0000000008006b88      0x424 /usr/lib/gcc/arm-none-eabi/10.3.1/thumb/v7e-m/nofp/libgcc.a(_arm_muldivdf3.o)
                0x0000000008006b88                __aeabi_dmul
                0x0000000008006b88                __muldf3
                0x0000000008006ddc                __aeabi_ddiv
                0x0000000008006ddc                __divdf3
 .text          0x0000000008006fac      0x110 /usr/lib/gcc/arm-none-eabi/10.3.1/thumb/v7e-m/nofp/libgcc.a(_arm_cmpdf2.o)
                0x0000000008006fac                __gtdf2
                0x0000000008006fac                __gedf2
                0x0000000008006fb4                __ltdf2
                0x0000000008006fb4                __ledf2
                0x0000000008006fbc                __cmpdf2
                0x0000000008006fbc                __eqdf2
                0x0000000008006fbc                __nedf2
                0x0000000008007038                __aeabi_cdrcmple
                0x0000000008007048                __aeabi_cdcmple
                0x0000000008007048                __aeabi_cdcmpeq
                0x0000000008007058                __aeabi_dcmpeq
                0x000000000800706c                __aeabi_dcmplt
                0x0000000008007080                __aeabi_dcmple
                0x0000000008007094                __aeabi_dcmpge
                0x00000000080070a8                __aeabi_dcmpgt
 .text          0x00000000080070bc       0x2c /usr/lib/gcc/arm-none-eabi/10.3.1/thumb/v7e-m/nofp/libgcc.a(_arm_unorddf2.o)
                0x00000000080070bc                __aeabi_dcmpun
                0x00000000080070bc                __unorddf2
 .text          0x00000000080070e8       0x50 /usr/lib/gcc/arm-none-eabi/10.3.1/thumb/v7e-m/nofp/libgcc.a(_arm_fixdfsi.o)
                0x00000000080070e8                __fixdfsi
                0x00000000080070e8                __aeabi_d2iz
 .text          0x0000000008007138       0x40 /usr/lib/gcc/arm-none-eabi/10.3.1/thumb/v7e-m/nofp/libgcc.a(_arm_fixunsdfsi.o)
                0x0000000008007138                __fixunsdfsi
                0x0000000008007138                __aeabi_d2uiz
 .text          0x0000000008007178       0xa0 /usr/lib/gcc/arm-none-eabi/10.3.1/thumb/v7e-m/nofp/libgcc.a(_arm_truncdfsf2.o)
                0x0000000008007178                __aeabi_d2f
                0x0000000008007178                __truncdfsf2
 .text          0x0000000008007218       0xec /usr/lib/gcc/arm-none-eabi/10.3.1/thumb/v7e-m/nofp/libgcc.a(_arm_cmpsf2.o)
                0x0000000008007218                __gtsf2
                0x0000000008007218                __gesf2
                0x0000000008007220                __lesf2
                0x0000000008007220                __ltsf2
                0x0000000008007228                __nesf2
                0x0000000008007228                __eqsf2
                0x0000000008007228                __cmpsf2
                0x0000000008007288                __aeabi_cfrcmple
                0x0000000008007290                __aeabi_cfcmple
                0x0000000008007290                __aeabi_cfcmpeq
                0x00000000080072a0                __aeabi_fcmpeq
                0x00000000080072b4                __aeabi_fcmplt
                0x00000000080072c8                __aeabi_fcmple
                0x00000000080072dc                __aeabi_fcmpge
                0x00000000080072f0                __aeabi_fcmpgt
 .text          0x0000000008007304       0x2c /usr/lib/gcc/arm-none-eabi/10.3.1/thumb/v7e-m/nofp/libgcc.a(_arm_unordsf2.o)
                0x0000000008007304                __aeabi_fcmpun
                0x0000000008007304                __unordsf2
 .text          0x0000000008007330       0x34 /usr/lib/gcc/arm-none-eabi/10.3.1/thumb/v7e-m/nofp/libgcc.a(_fixdfdi.o)
                0x0000000008007330                __aeabi_d2lz
                0x0000000008007330                __fixdfdi
 .text          0x0000000008007364       0x3c /usr/lib/gcc/arm-none-eabi/10.3.1/thumb/v7e-m/nofp/libgcc.a(_fixunsdfdi.o)
                0x0000000008007364                __aeabi_d2ulz
                0x0000000008007364                __fixunsdfdi
 .text          0x00000000080073a0       0x10 /usr/lib/gcc/arm-none-eabi/10.3.1/../../../arm-none-eabi/lib/thumb/v7e-m/nofp/libnosys.a(close.o)
                0x00000000080073a0                _close
 .text          0x00000000080073b0       0x10 /usr/lib/gcc/arm-none-eabi/10.3.1/../../../arm-none-eabi/lib/thumb/v7e-m/nofp/libnosys.a(fstat.o)
                0x00000000080073b0                _fstat
 .text          0x00000000080073c0       0x10 /usr/lib/gcc/arm-none-eabi/10.3.1/../../../arm-none-eabi/lib/thumb/v7e-m/nofp/libnosys.a(getpid.o)
                0x00000000080073c0                _getpid
 .text          0x00000000080073d0       0x10 /usr/lib/gcc/arm-none-eabi/10.3.1/../../../arm-none-eabi/lib/thumb/v7e-m/nofp/libnosys.a(isatty.o)
                0x00000000080073d0                _isatty
 .text          0x00000000080073e0       0x10 /usr/lib/gcc/arm-none-eabi/10.3.1/../../../arm-none-eabi/lib/thumb/v7e-m/nofp/libnosys.a(kill.o)
                0x00000000080073e0                _kill
 .text          0x00000000080073f0       0x10 /usr/lib/gcc/arm-none-eabi/10.3.1/../../../arm-none-eabi/lib/thumb/v7e-m/nofp/libnosys.a(lseek.o)
                0x00000000080073f0                _lseek
 .text          0x0000000008007400       0x10 /usr/lib/gcc/arm-none-eabi/10.3.1/../../../arm-none-eabi/lib/thumb/v7e-m/nofp/libnosys.a(read.o)
                0x0000000008007400                _read
 .text          0x0000000008007410       0x1c /usr/lib/gcc/arm-none-eabi/10.3.1/../../../arm-none-eabi/lib/thumb/v7e-m/nofp/libnosys.a(sbrk.o)
                0x0000000008007410                _sbrk
 .text          0x000000000800742c        0x4 /usr/lib/gcc/arm-none-eabi/10.3.1/../../../arm-none-eabi/lib/thumb/v7e-m/nofp/libnosys.a(_exit.o)
                0x000000000800742c                _exit
 *(.text*)
 .text.App_TaskCreateHook
                0x0000000008007430        0x2 CMakeFiles/qingluan.elf.dir/OS/src/app_hooks.c.o
                0x0000000008007430                App_TaskCreateHook
 .text.App_TaskDelHook
                0x0000000008007432        0x2 CMakeFiles/qingluan.elf.dir/OS/src/app_hooks.c.o
                0x0000000008007432                App_TaskDelHook
 .text.App_TaskIdleHook
                0x0000000008007434        0x2 CMakeFiles/qingluan.elf.dir/OS/src/app_hooks.c.o
                0x0000000008007434                App_TaskIdleHook
 .text.App_TaskStatHook
                0x0000000008007436        0x2 CMakeFiles/qingluan.elf.dir/OS/src/app_hooks.c.o
                0x0000000008007436                App_TaskStatHook
 .text.App_TaskReturnHook
                0x0000000008007438        0x2 CMakeFiles/qingluan.elf.dir/OS/src/app_hooks.c.o
                0x0000000008007438                App_TaskReturnHook
 .text.App_TaskSwHook
                0x000000000800743a        0x2 CMakeFiles/qingluan.elf.dir/OS/src/app_hooks.c.o
                0x000000000800743a                App_TaskSwHook
 .text.App_TCBInitHook
                0x000000000800743c        0x2 CMakeFiles/qingluan.elf.dir/OS/src/app_hooks.c.o
                0x000000000800743c                App_TCBInitHook
 .text.App_TimeTickHook
                0x000000000800743e        0x2 CMakeFiles/qingluan.elf.dir/OS/src/app_hooks.c.o
                0x000000000800743e                App_TimeTickHook
 .text.OS_SchedNew
                0x0000000008007440       0x28 CMakeFiles/qingluan.elf.dir/OS/src/os_core.c.o
 .text.OS_TaskIdle
                0x0000000008007468       0x20 CMakeFiles/qingluan.elf.dir/OS/src/os_core.c.o
                0x0000000008007468                OS_TaskIdle
 .text.OSEventNameSet
                0x0000000008007488       0x40 CMakeFiles/qingluan.elf.dir/OS/src/os_core.c.o
                0x0000000008007488                OSEventNameSet
 .text.OSIntEnter
                0x00000000080074c8       0x20 CMakeFiles/qingluan.elf.dir/OS/src/os_core.c.o
                0x00000000080074c8                OSIntEnter
 .text.OSIntExit
                0x00000000080074e8       0x84 CMakeFiles/qingluan.elf.dir/OS/src/os_core.c.o
                0x00000000080074e8                OSIntExit
 .text.OSSchedLock
                0x000000000800756c       0x38 CMakeFiles/qingluan.elf.dir/OS/src/os_core.c.o
                0x000000000800756c                OSSchedLock
 .text.OSStart  0x00000000080075a4       0x44 CMakeFiles/qingluan.elf.dir/OS/src/os_core.c.o
                0x00000000080075a4                OSStart
 .text.OSTimeTick
                0x00000000080075e8       0xb8 CMakeFiles/qingluan.elf.dir/OS/src/os_core.c.o
                0x00000000080075e8                OSTimeTick
 .text.OS_Dummy
                0x00000000080076a0        0x2 CMakeFiles/qingluan.elf.dir/OS/src/os_core.c.o
                0x00000000080076a0                OS_Dummy
 *fill*         0x00000000080076a2        0x2 
 .text.OS_EventTaskWait
                0x00000000080076a4       0x48 CMakeFiles/qingluan.elf.dir/OS/src/os_core.c.o
                0x00000000080076a4                OS_EventTaskWait
 .text.OS_EventTaskRemove
                0x00000000080076ec       0x28 CMakeFiles/qingluan.elf.dir/OS/src/os_core.c.o
                0x00000000080076ec                OS_EventTaskRemove
 .text.OS_EventTaskRemoveMulti
                0x0000000008007714       0x2e CMakeFiles/qingluan.elf.dir/OS/src/os_core.c.o
                0x0000000008007714                OS_EventTaskRemoveMulti
 *fill*         0x0000000008007742        0x2 
 .text.OS_EventTaskRdy
                0x0000000008007744       0x78 CMakeFiles/qingluan.elf.dir/OS/src/os_core.c.o
                0x0000000008007744                OS_EventTaskRdy
 .text.OS_EventWaitListInit
                0x00000000080077bc        0xe CMakeFiles/qingluan.elf.dir/OS/src/os_core.c.o
                0x00000000080077bc                OS_EventWaitListInit
 .text.OS_MemClr
                0x00000000080077ca        0x8 CMakeFiles/qingluan.elf.dir/OS/src/os_core.c.o
                0x00000000080077ca                OS_MemClr
 *fill*         0x00000000080077d2        0x2 
 .text.OSInit   0x00000000080077d4      0x1bc CMakeFiles/qingluan.elf.dir/OS/src/os_core.c.o
                0x00000000080077d4                OSInit
 .text.OS_Sched
                0x0000000008007990       0x68 CMakeFiles/qingluan.elf.dir/OS/src/os_core.c.o
                0x0000000008007990                OS_Sched
 .text.OSSchedUnlock
                0x00000000080079f8       0x48 CMakeFiles/qingluan.elf.dir/OS/src/os_core.c.o
                0x00000000080079f8                OSSchedUnlock
 .text.OS_TaskStatStkChk
                0x0000000008007a40       0x38 CMakeFiles/qingluan.elf.dir/OS/src/os_core.c.o
                0x0000000008007a40                OS_TaskStatStkChk
 .text.OS_TaskStat
                0x0000000008007a78       0xb4 CMakeFiles/qingluan.elf.dir/OS/src/os_core.c.o
                0x0000000008007a78                OS_TaskStat
 .text.OS_TCBInit
                0x0000000008007b2c      0x100 CMakeFiles/qingluan.elf.dir/OS/src/os_core.c.o
                0x0000000008007b2c                OS_TCBInit
 .text.OSInitHookBegin
                0x0000000008007c2c       0x3c CMakeFiles/qingluan.elf.dir/OS/src/os_cpu_c.c.o
                0x0000000008007c2c                OSInitHookBegin
 .text.OSInitHookEnd
                0x0000000008007c68        0x2 CMakeFiles/qingluan.elf.dir/OS/src/os_cpu_c.c.o
                0x0000000008007c68                OSInitHookEnd
 .text.OSTaskCreateHook
                0x0000000008007c6a        0x4 CMakeFiles/qingluan.elf.dir/OS/src/os_cpu_c.c.o
                0x0000000008007c6a                OSTaskCreateHook
 .text.OSTaskDelHook
                0x0000000008007c6e        0x4 CMakeFiles/qingluan.elf.dir/OS/src/os_cpu_c.c.o
                0x0000000008007c6e                OSTaskDelHook
 .text.OSTaskIdleHook
                0x0000000008007c72        0x4 CMakeFiles/qingluan.elf.dir/OS/src/os_cpu_c.c.o
                0x0000000008007c72                OSTaskIdleHook
 .text.OSTaskReturnHook
                0x0000000008007c76        0x4 CMakeFiles/qingluan.elf.dir/OS/src/os_cpu_c.c.o
                0x0000000008007c76                OSTaskReturnHook
 .text.OSTaskStatHook
                0x0000000008007c7a        0x4 CMakeFiles/qingluan.elf.dir/OS/src/os_cpu_c.c.o
                0x0000000008007c7a                OSTaskStatHook
 *fill*         0x0000000008007c7e        0x2 
 .text.OSTaskStkInit
                0x0000000008007c80       0x70 CMakeFiles/qingluan.elf.dir/OS/src/os_cpu_c.c.o
                0x0000000008007c80                OSTaskStkInit
 .text.OSTaskSwHook
                0x0000000008007cf0        0x4 CMakeFiles/qingluan.elf.dir/OS/src/os_cpu_c.c.o
                0x0000000008007cf0                OSTaskSwHook
 .text.OSTCBInitHook
                0x0000000008007cf4        0x4 CMakeFiles/qingluan.elf.dir/OS/src/os_cpu_c.c.o
                0x0000000008007cf4                OSTCBInitHook
 .text.OSTimeTickHook
                0x0000000008007cf8       0x28 CMakeFiles/qingluan.elf.dir/OS/src/os_cpu_c.c.o
                0x0000000008007cf8                OSTimeTickHook
 .text.SysTick_Handler
                0x0000000008007d20       0x20 CMakeFiles/qingluan.elf.dir/OS/src/os_cpu_c.c.o
                0x0000000008007d20                SysTick_Handler
 .text.OSDebugInit
                0x0000000008007d40        0x2 CMakeFiles/qingluan.elf.dir/OS/src/os_dbg_r.c.o
                0x0000000008007d40                OSDebugInit
 *fill*         0x0000000008007d42        0x2 
 .text.OS_FlagInit
                0x0000000008007d44       0x48 CMakeFiles/qingluan.elf.dir/OS/src/os_flag.c.o
                0x0000000008007d44                OS_FlagInit
 .text.OS_FlagUnlink
                0x0000000008007d8c       0x1a CMakeFiles/qingluan.elf.dir/OS/src/os_flag.c.o
                0x0000000008007d8c                OS_FlagUnlink
 *fill*         0x0000000008007da6        0x2 
 .text.OS_MemInit
                0x0000000008007da8       0x48 CMakeFiles/qingluan.elf.dir/OS/src/os_mem.c.o
                0x0000000008007da8                OS_MemInit
 .text.OS_QInit
                0x0000000008007df0       0x30 CMakeFiles/qingluan.elf.dir/OS/src/os_q.c.o
                0x0000000008007df0                OS_QInit
 .text.OSSemCreate
                0x0000000008007e20       0x48 CMakeFiles/qingluan.elf.dir/OS/src/os_sem.c.o
                0x0000000008007e20                OSSemCreate
 .text.OSSemPend
                0x0000000008007e68       0xb8 CMakeFiles/qingluan.elf.dir/OS/src/os_sem.c.o
                0x0000000008007e68                OSSemPend
 .text.OSSemPost
                0x0000000008007f20       0x58 CMakeFiles/qingluan.elf.dir/OS/src/os_sem.c.o
                0x0000000008007f20                OSSemPost
 .text.OSTaskCreate
                0x0000000008007f78       0x98 CMakeFiles/qingluan.elf.dir/OS/src/os_task.c.o
                0x0000000008007f78                OSTaskCreate
 .text.OSTaskDel
                0x0000000008008010      0x154 CMakeFiles/qingluan.elf.dir/OS/src/os_task.c.o
                0x0000000008008010                OSTaskDel
 .text.OSTaskNameSet
                0x0000000008008164       0x64 CMakeFiles/qingluan.elf.dir/OS/src/os_task.c.o
                0x0000000008008164                OSTaskNameSet
 .text.OSTaskStkChk
                0x00000000080081c8       0x7c CMakeFiles/qingluan.elf.dir/OS/src/os_task.c.o
                0x00000000080081c8                OSTaskStkChk
 .text.OSTaskSuspend
                0x0000000008008244       0xa8 CMakeFiles/qingluan.elf.dir/OS/src/os_task.c.o
                0x0000000008008244                OSTaskSuspend
 .text.OS_TaskReturn
                0x00000000080082ec       0x18 CMakeFiles/qingluan.elf.dir/OS/src/os_task.c.o
                0x00000000080082ec                OS_TaskReturn
 .text.OS_TaskStkClr
                0x0000000008008304       0x12 CMakeFiles/qingluan.elf.dir/OS/src/os_task.c.o
                0x0000000008008304                OS_TaskStkClr
 *fill*         0x0000000008008316        0x2 
 .text.OSTaskCreateExt
                0x0000000008008318       0xb4 CMakeFiles/qingluan.elf.dir/OS/src/os_task.c.o
                0x0000000008008318                OSTaskCreateExt
 .text.OSTimeDly
                0x00000000080083cc       0x64 CMakeFiles/qingluan.elf.dir/OS/src/os_time.c.o
                0x00000000080083cc                OSTimeDly
 .text.OSTimeDlyHMSM
                0x0000000008008430       0x6c CMakeFiles/qingluan.elf.dir/OS/src/os_time.c.o
                0x0000000008008430                OSTimeDlyHMSM
 .text.OSTmr_Link
                0x000000000800849c       0x5c CMakeFiles/qingluan.elf.dir/OS/src/os_tmr.c.o
 .text.OSTmr_Unlink
                0x00000000080084f8       0x4c CMakeFiles/qingluan.elf.dir/OS/src/os_tmr.c.o
 .text.OSTmr_Task
                0x0000000008008544       0x7c CMakeFiles/qingluan.elf.dir/OS/src/os_tmr.c.o
 .text.OSTmrSignal
                0x00000000080085c0        0xc CMakeFiles/qingluan.elf.dir/OS/src/os_tmr.c.o
                0x00000000080085c0                OSTmrSignal
 .text.OSTmr_Init
                0x00000000080085cc       0xf8 CMakeFiles/qingluan.elf.dir/OS/src/os_tmr.c.o
                0x00000000080085cc                OSTmr_Init
 .text.NVIC_PriorityGroupConfig
                0x00000000080086c4       0x14 CMakeFiles/qingluan.elf.dir/STM32F40x_FWLib/src/misc.c.o
                0x00000000080086c4                NVIC_PriorityGroupConfig
 .text.NVIC_Init
                0x00000000080086d8       0x58 CMakeFiles/qingluan.elf.dir/STM32F40x_FWLib/src/misc.c.o
                0x00000000080086d8                NVIC_Init
 .text.SysTick_CLKSourceConfig
                0x0000000008008730       0x16 CMakeFiles/qingluan.elf.dir/STM32F40x_FWLib/src/misc.c.o
                0x0000000008008730                SysTick_CLKSourceConfig
 .text.GPIO_Init
                0x0000000008008746       0x84 CMakeFiles/qingluan.elf.dir/STM32F40x_FWLib/src/stm32f4xx_gpio.c.o
                0x0000000008008746                GPIO_Init
 .text.GPIO_SetBits
                0x00000000080087ca        0x4 CMakeFiles/qingluan.elf.dir/STM32F40x_FWLib/src/stm32f4xx_gpio.c.o
                0x00000000080087ca                GPIO_SetBits
 .text.GPIO_ResetBits
                0x00000000080087ce        0x4 CMakeFiles/qingluan.elf.dir/STM32F40x_FWLib/src/stm32f4xx_gpio.c.o
                0x00000000080087ce                GPIO_ResetBits
 .text.GPIO_PinAFConfig
                0x00000000080087d2       0x24 CMakeFiles/qingluan.elf.dir/STM32F40x_FWLib/src/stm32f4xx_gpio.c.o
                0x00000000080087d2                GPIO_PinAFConfig
 *fill*         0x00000000080087f6        0x2 
 .text.RCC_GetClocksFreq
                0x00000000080087f8       0x88 CMakeFiles/qingluan.elf.dir/STM32F40x_FWLib/src/stm32f4xx_rcc.c.o
                0x00000000080087f8                RCC_GetClocksFreq
 .text.RCC_AHB1PeriphClockCmd
                0x0000000008008880       0x18 CMakeFiles/qingluan.elf.dir/STM32F40x_FWLib/src/stm32f4xx_rcc.c.o
                0x0000000008008880                RCC_AHB1PeriphClockCmd
 .text.RCC_APB2PeriphClockCmd
                0x0000000008008898       0x18 CMakeFiles/qingluan.elf.dir/STM32F40x_FWLib/src/stm32f4xx_rcc.c.o
                0x0000000008008898                RCC_APB2PeriphClockCmd
 .text.USART_Init
                0x00000000080088b0       0xac CMakeFiles/qingluan.elf.dir/STM32F40x_FWLib/src/stm32f4xx_usart.c.o
                0x00000000080088b0                USART_Init
 .text.USART_Cmd
                0x000000000800895c       0x18 CMakeFiles/qingluan.elf.dir/STM32F40x_FWLib/src/stm32f4xx_usart.c.o
                0x000000000800895c                USART_Cmd
 .text.USART_SendData
                0x0000000008008974        0x8 CMakeFiles/qingluan.elf.dir/STM32F40x_FWLib/src/stm32f4xx_usart.c.o
                0x0000000008008974                USART_SendData
 .text.USART_ReceiveData
                0x000000000800897c        0x8 CMakeFiles/qingluan.elf.dir/STM32F40x_FWLib/src/stm32f4xx_usart.c.o
                0x000000000800897c                USART_ReceiveData
 .text.USART_ITConfig
                0x0000000008008984       0x30 CMakeFiles/qingluan.elf.dir/STM32F40x_FWLib/src/stm32f4xx_usart.c.o
                0x0000000008008984                USART_ITConfig
 .text.USART_GetFlagStatus
                0x00000000080089b4        0xc CMakeFiles/qingluan.elf.dir/STM32F40x_FWLib/src/stm32f4xx_usart.c.o
                0x00000000080089b4                USART_GetFlagStatus
 .text.USART_GetITStatus
                0x00000000080089c0       0x3e CMakeFiles/qingluan.elf.dir/STM32F40x_FWLib/src/stm32f4xx_usart.c.o
                0x00000000080089c0                USART_GetITStatus
 *fill*         0x00000000080089fe        0x2 
 .text.delay_init
                0x0000000008008a00       0x40 CMakeFiles/qingluan.elf.dir/Src/delay.c.o
                0x0000000008008a00                delay_init
 .text.I2cMaster_Init
                0x0000000008008a40      0x104 CMakeFiles/qingluan.elf.dir/Src/i2c.c.o
                0x0000000008008a40                I2cMaster_Init
 .text.Sensors_I2C_WriteRegister
                0x0000000008008b44       0x6c CMakeFiles/qingluan.elf.dir/Src/i2c.c.o
                0x0000000008008b44                Sensors_I2C_WriteRegister
 .text.Sensors_I2C_ReadRegister
                0x0000000008008bb0      0x110 CMakeFiles/qingluan.elf.dir/Src/i2c.c.o
                0x0000000008008bb0                Sensors_I2C_ReadRegister
 .text.LED_Init
                0x0000000008008cc0       0x30 CMakeFiles/qingluan.elf.dir/Src/led.c.o
                0x0000000008008cc0                LED_Init
 .text.LED_On   0x0000000008008cf0        0xc CMakeFiles/qingluan.elf.dir/Src/led.c.o
                0x0000000008008cf0                LED_On
 .text.LED_Off  0x0000000008008cfc        0xc CMakeFiles/qingluan.elf.dir/Src/led.c.o
                0x0000000008008cfc                LED_Off
 .text.First_Task
                0x0000000008008d08        0x6 CMakeFiles/qingluan.elf.dir/Src/main.c.o
                0x0000000008008d08                First_Task
 .text.LED_Task
                0x0000000008008d0e       0x24 CMakeFiles/qingluan.elf.dir/Src/main.c.o
                0x0000000008008d0e                LED_Task
 *fill*         0x0000000008008d32        0x2 
 .text.Main_Task
                0x0000000008008d34       0x88 CMakeFiles/qingluan.elf.dir/Src/main.c.o
                0x0000000008008d34                Main_Task
 .text.startup.main
                0x0000000008008dbc       0x9c CMakeFiles/qingluan.elf.dir/Src/main.c.o
                0x0000000008008dbc                main
 .text.MPU6050_WriteReg
                0x0000000008008e58       0x1a CMakeFiles/qingluan.elf.dir/Src/mpu6050.c.o
                0x0000000008008e58                MPU6050_WriteReg
 .text.MPU6050_ReadData
                0x0000000008008e72        0xa CMakeFiles/qingluan.elf.dir/Src/mpu6050.c.o
                0x0000000008008e72                MPU6050_ReadData
 .text.HMC_WriteReg
                0x0000000008008e7c       0x1a CMakeFiles/qingluan.elf.dir/Src/mpu6050.c.o
                0x0000000008008e7c                HMC_WriteReg
 .text.HMC_ReadData
                0x0000000008008e96        0xa CMakeFiles/qingluan.elf.dir/Src/mpu6050.c.o
                0x0000000008008e96                HMC_ReadData
 .text.MPU6050_Init
                0x0000000008008ea0       0x2e CMakeFiles/qingluan.elf.dir/Src/mpu6050.c.o
                0x0000000008008ea0                MPU6050_Init
 *fill*         0x0000000008008ece        0x2 
 .text.MPU6050ReadID
                0x0000000008008ed0       0x3c CMakeFiles/qingluan.elf.dir/Src/mpu6050.c.o
                0x0000000008008ed0                MPU6050ReadID
 .text.HMC_Init
                0x0000000008008f0c       0x2e CMakeFiles/qingluan.elf.dir/Src/mpu6050.c.o
                0x0000000008008f0c                HMC_Init
 .text.MPU6050ReadAcc
                0x0000000008008f3a       0x2a CMakeFiles/qingluan.elf.dir/Src/mpu6050.c.o
                0x0000000008008f3a                MPU6050ReadAcc
 .text.MPU6050ReadGyro
                0x0000000008008f64       0x2a CMakeFiles/qingluan.elf.dir/Src/mpu6050.c.o
                0x0000000008008f64                MPU6050ReadGyro
 *fill*         0x0000000008008f8e        0x2 
 .text.MPU6050_ReturnTemp
                0x0000000008008f90       0x44 CMakeFiles/qingluan.elf.dir/Src/mpu6050.c.o
                0x0000000008008f90                MPU6050_ReturnTemp
 .text.HMC_ReadMa
                0x0000000008008fd4       0x3c CMakeFiles/qingluan.elf.dir/Src/mpu6050.c.o
                0x0000000008008fd4                HMC_ReadMa
 .text.MyUsart_Init
                0x0000000008009010       0x98 CMakeFiles/qingluan.elf.dir/Src/myusart.c.o
                0x0000000008009010                MyUsart_Init
 .text.USART6_IRQHandler
                0x00000000080090a8       0x38 CMakeFiles/qingluan.elf.dir/Src/myusart.c.o
                0x00000000080090a8                USART6_IRQHandler
 .text._write   0x00000000080090e0       0x30 CMakeFiles/qingluan.elf.dir/Src/myusart.c.o
                0x00000000080090e0                _write
 .text.NMI_Handler
                0x0000000008009110        0x2 CMakeFiles/qingluan.elf.dir/Src/stm32f4xx_it.c.o
                0x0000000008009110                NMI_Handler
 .text.HardFault_Handler
                0x0000000008009112        0x2 CMakeFiles/qingluan.elf.dir/Src/stm32f4xx_it.c.o
                0x0000000008009112                HardFault_Handler
 .text.MemManage_Handler
                0x0000000008009114        0x2 CMakeFiles/qingluan.elf.dir/Src/stm32f4xx_it.c.o
                0x0000000008009114                MemManage_Handler
 .text.BusFault_Handler
                0x0000000008009116        0x2 CMakeFiles/qingluan.elf.dir/Src/stm32f4xx_it.c.o
                0x0000000008009116                BusFault_Handler
 .text.UsageFault_Handler
                0x0000000008009118        0x2 CMakeFiles/qingluan.elf.dir/Src/stm32f4xx_it.c.o
                0x0000000008009118                UsageFault_Handler
 .text.SVC_Handler
                0x000000000800911a        0x2 CMakeFiles/qingluan.elf.dir/Src/stm32f4xx_it.c.o
                0x000000000800911a                SVC_Handler
 .text.DebugMon_Handler
                0x000000000800911c        0x2 CMakeFiles/qingluan.elf.dir/Src/stm32f4xx_it.c.o
                0x000000000800911c                DebugMon_Handler
 *fill*         0x000000000800911e        0x2 
 .text.SystemInit
                0x0000000008009120       0xe0 CMakeFiles/qingluan.elf.dir/Src/system_stm32f4xx.c.o
                0x0000000008009120                SystemInit
 .text.Reset_Handler
                0x0000000008009200       0x4c CMakeFiles/qingluan.elf.dir/startup_stm32f401xe.s.o
                0x0000000008009200                Reset_Handler
 .text.Default_Handler
                0x000000000800924c        0x2 CMakeFiles/qingluan.elf.dir/startup_stm32f401xe.s.o
                0x000000000800924c                RTC_Alarm_IRQHandler
                0x000000000800924c                EXTI2_IRQHandler
                0x000000000800924c                SPI4_IRQHandler
                0x000000000800924c                TIM1_CC_IRQHandler
                0x000000000800924c                DMA2_Stream5_IRQHandler
                0x000000000800924c                DMA1_Stream5_IRQHandler
                0x000000000800924c                PVD_IRQHandler
                0x000000000800924c                SDIO_IRQHandler
                0x000000000800924c                TAMP_STAMP_IRQHandler
                0x000000000800924c                EXTI3_IRQHandler
                0x000000000800924c                TIM1_UP_TIM10_IRQHandler
                0x000000000800924c                I2C3_ER_IRQHandler
                0x000000000800924c                EXTI0_IRQHandler
                0x000000000800924c                I2C2_EV_IRQHandler
                0x000000000800924c                DMA1_Stream2_IRQHandler
                0x000000000800924c                FPU_IRQHandler
                0x000000000800924c                DMA2_Stream2_IRQHandler
                0x000000000800924c                SPI1_IRQHandler
                0x000000000800924c                TIM1_BRK_TIM9_IRQHandler
                0x000000000800924c                DMA2_Stream3_IRQHandler
                0x000000000800924c                DMA2_Stream0_IRQHandler
                0x000000000800924c                TIM4_IRQHandler
                0x000000000800924c                I2C1_EV_IRQHandler
                0x000000000800924c                DMA1_Stream6_IRQHandler
                0x000000000800924c                DMA1_Stream1_IRQHandler
                0x000000000800924c                TIM3_IRQHandler
                0x000000000800924c                RCC_IRQHandler
                0x000000000800924c                Default_Handler
                0x000000000800924c                EXTI15_10_IRQHandler
                0x000000000800924c                ADC_IRQHandler
                0x000000000800924c                DMA1_Stream7_IRQHandler
                0x000000000800924c                TIM5_IRQHandler
                0x000000000800924c                DMA2_Stream7_IRQHandler
                0x000000000800924c                I2C3_EV_IRQHandler
                0x000000000800924c                EXTI9_5_IRQHandler
                0x000000000800924c                RTC_WKUP_IRQHandler
                0x000000000800924c                SPI2_IRQHandler
                0x000000000800924c                DMA1_Stream0_IRQHandler
                0x000000000800924c                EXTI4_IRQHandler
                0x000000000800924c                WWDG_IRQHandler
                0x000000000800924c                TIM2_IRQHandler
                0x000000000800924c                OTG_FS_WKUP_IRQHandler
                0x000000000800924c                TIM1_TRG_COM_TIM11_IRQHandler
                0x000000000800924c                EXTI1_IRQHandler
                0x000000000800924c                USART2_IRQHandler
                0x000000000800924c                I2C2_ER_IRQHandler
                0x000000000800924c                DMA2_Stream1_IRQHandler
                0x000000000800924c                FLASH_IRQHandler
                0x000000000800924c                DMA2_Stream4_IRQHandler
                0x000000000800924c                USART1_IRQHandler
                0x000000000800924c                OTG_FS_IRQHandler
                0x000000000800924c                SPI3_IRQHandler
                0x000000000800924c                DMA1_Stream4_IRQHandler
                0x000000000800924c                I2C1_ER_IRQHandler
                0x000000000800924c                DMA2_Stream6_IRQHandler
                0x000000000800924c                DMA1_Stream3_IRQHandler
 *(.glue_7)
 .glue_7        0x000000000800924e        0x0 linker stubs
 *(.glue_7t)
 .glue_7t       0x000000000800924e        0x0 linker stubs
 *(.eh_frame)
 *fill*         0x000000000800924e        0x2 
 .eh_frame      0x0000000008009250        0x0 /usr/lib/gcc/arm-none-eabi/10.3.1/thumb/v7e-m/nofp/crtbegin.o
 *(.init)
 .init          0x0000000008009250        0x4 /usr/lib/gcc/arm-none-eabi/10.3.1/thumb/v7e-m/nofp/crti.o
                0x0000000008009250                _init
 .init          0x0000000008009254        0x8 /usr/lib/gcc/arm-none-eabi/10.3.1/thumb/v7e-m/nofp/crtn.o
 *(.fini)
 .fini          0x000000000800925c        0x4 /usr/lib/gcc/arm-none-eabi/10.3.1/thumb/v7e-m/nofp/crti.o
                0x000000000800925c                _fini
 .fini          0x0000000008009260        0x8 /usr/lib/gcc/arm-none-eabi/10.3.1/thumb/v7e-m/nofp/crtn.o
                0x0000000008009268                . = ALIGN (0x4)
                0x0000000008009268                _etext = .

.vfp11_veneer   0x0000000008009268        0x0
 .vfp11_veneer  0x0000000008009268        0x0 linker stubs

.v4_bx          0x0000000008009268        0x0
 .v4_bx         0x0000000008009268        0x0 linker stubs

.iplt           0x0000000008009268        0x0
 .iplt          0x0000000008009268        0x0 /usr/lib/gcc/arm-none-eabi/10.3.1/thumb/v7e-m/nofp/crtbegin.o

.rodata         0x0000000008009268      0x7bc
                0x0000000008009268                . = ALIGN (0x4)
 *(.rodata)
 .rodata        0x0000000008009268        0x4 /usr/lib/gcc/arm-none-eabi/10.3.1/../../../arm-none-eabi/lib/thumb/v7e-m/nofp/libc_nano.a(lib_a-impure.o)
                0x0000000008009268                _global_impure_ptr
 *fill*         0x000000000800926c        0x4 
 .rodata        0x0000000008009270       0x50 /usr/lib/gcc/arm-none-eabi/10.3.1/../../../arm-none-eabi/lib/thumb/v7e-m/nofp/libc_nano.a(lib_a-strtod.o)
 .rodata        0x00000000080092c0      0x101 /usr/lib/gcc/arm-none-eabi/10.3.1/../../../arm-none-eabi/lib/thumb/v7e-m/nofp/libc_nano.a(lib_a-ctype_.o)
                0x00000000080092c0                _ctype_
 *fill*         0x00000000080093c1        0x3 
 .rodata        0x00000000080093c4       0x60 /usr/lib/gcc/arm-none-eabi/10.3.1/../../../arm-none-eabi/lib/thumb/v7e-m/nofp/libc_nano.a(lib_a-findfp.o)
                0x00000000080093c4                __sf_fake_stderr
                0x00000000080093e4                __sf_fake_stdout
                0x0000000008009404                __sf_fake_stdin
 .rodata        0x0000000008009424      0x100 /usr/lib/gcc/arm-none-eabi/10.3.1/../../../arm-none-eabi/lib/thumb/v7e-m/nofp/libc_nano.a(lib_a-gdtoa-gethex.o)
                0x0000000008009424                __hexdig
 .rodata        0x0000000008009524        0xc /usr/lib/gcc/arm-none-eabi/10.3.1/../../../arm-none-eabi/lib/thumb/v7e-m/nofp/libc_nano.a(lib_a-lnumeric.o)
                0x0000000008009524                _C_numeric_locale
 .rodata        0x0000000008009530      0x128 /usr/lib/gcc/arm-none-eabi/10.3.1/../../../arm-none-eabi/lib/thumb/v7e-m/nofp/libc_nano.a(lib_a-mprec.o)
                0x0000000008009540                __mprec_tens
                0x0000000008009608                __mprec_tinytens
                0x0000000008009630                __mprec_bigtens
 *(.rodata*)
 .rodata.OSInit.str1.1
                0x0000000008009658       0x1e CMakeFiles/qingluan.elf.dir/OS/src/os_core.c.o
 .rodata.OSUnMapTbl
                0x0000000008009676      0x100 CMakeFiles/qingluan.elf.dir/OS/src/os_core.c.o
                0x0000000008009676                OSUnMapTbl
 .rodata.OSFlagCreate.str1.1
                0x0000000008009776        0x2 CMakeFiles/qingluan.elf.dir/OS/src/os_flag.c.o
 .rodata.OS_MemInit.str1.1
                0x0000000008009776        0x2 CMakeFiles/qingluan.elf.dir/OS/src/os_mem.c.o
 .rodata.OSSemCreate.str1.1
                0x0000000008009776        0x2 CMakeFiles/qingluan.elf.dir/OS/src/os_sem.c.o
 .rodata.OSTaskDel.str1.1
                0x0000000008009776        0x2 CMakeFiles/qingluan.elf.dir/OS/src/os_task.c.o
 .rodata.OSTmr_Free.str1.1
                0x0000000008009776        0x2 CMakeFiles/qingluan.elf.dir/OS/src/os_tmr.c.o
 .rodata.OSTmr_Init.str1.1
                0x0000000008009776       0x31 CMakeFiles/qingluan.elf.dir/OS/src/os_tmr.c.o
 .rodata.Main_Task.str1.1
                0x00000000080097a7       0x46 CMakeFiles/qingluan.elf.dir/Src/main.c.o
 .rodata.main.str1.1
                0x00000000080097ed       0x4f CMakeFiles/qingluan.elf.dir/Src/main.c.o
 .rodata.MPU6050ReadID.str1.1
                0x000000000800983c       0x4d CMakeFiles/qingluan.elf.dir/Src/mpu6050.c.o
 *fill*         0x0000000008009889        0x3 
 .rodata.str1.4
                0x000000000800988c       0x12 /usr/lib/gcc/arm-none-eabi/10.3.1/../../../arm-none-eabi/lib/thumb/v7e-m/nofp/libc_nano.a(lib_a-nano-vfprintf_float.o)
 *fill*         0x000000000800989e        0x2 
 .rodata.str1.4
                0x00000000080098a0       0x25 /usr/lib/gcc/arm-none-eabi/10.3.1/../../../arm-none-eabi/lib/thumb/v7e-m/nofp/libc_nano.a(lib_a-nano-vfprintf_i.o)
 *fill*         0x00000000080098c5        0x3 
 .rodata.str1.4
                0x00000000080098c8        0x5 /usr/lib/gcc/arm-none-eabi/10.3.1/../../../arm-none-eabi/lib/thumb/v7e-m/nofp/libc_nano.a(lib_a-nano-vfscanf_float.o)
                                          0x9 (size before relaxing)
 *fill*         0x00000000080098cd        0x3 
 .rodata.str1.4
                0x00000000080098d0        0xf /usr/lib/gcc/arm-none-eabi/10.3.1/../../../arm-none-eabi/lib/thumb/v7e-m/nofp/libc_nano.a(lib_a-strtod.o)
                                         0x11 (size before relaxing)
 *fill*         0x00000000080098df        0x1 
 .rodata.str1.4
                0x00000000080098e0       0x6d /usr/lib/gcc/arm-none-eabi/10.3.1/../../../arm-none-eabi/lib/thumb/v7e-m/nofp/libc_nano.a(lib_a-dtoa.o)
                                         0x71 (size before relaxing)
 *fill*         0x000000000800994d        0x3 
 .rodata.str1.4
                0x0000000008009950       0x3a /usr/lib/gcc/arm-none-eabi/10.3.1/../../../arm-none-eabi/lib/thumb/v7e-m/nofp/libc_nano.a(lib_a-gdtoa-gethex.o)
                                         0x4e (size before relaxing)
 *fill*         0x000000000800998a        0x2 
 .rodata.str1.4
                0x000000000800998c        0x2 /usr/lib/gcc/arm-none-eabi/10.3.1/../../../arm-none-eabi/lib/thumb/v7e-m/nofp/libc_nano.a(lib_a-lnumeric.o)
                                          0x5 (size before relaxing)
 *fill*         0x000000000800998e        0x2 
 .rodata.str1.4
                0x0000000008009990        0xa /usr/lib/gcc/arm-none-eabi/10.3.1/../../../arm-none-eabi/lib/thumb/v7e-m/nofp/libc_nano.a(lib_a-locale.o)
                                         0x12 (size before relaxing)
 *fill*         0x000000000800999a        0x2 
 .rodata.str1.4
                0x000000000800999c       0x33 /usr/lib/gcc/arm-none-eabi/10.3.1/../../../arm-none-eabi/lib/thumb/v7e-m/nofp/libc_nano.a(lib_a-mprec.o)
                                         0x5d (size before relaxing)
 *fill*         0x00000000080099cf        0x1 
 .rodata.str1.4
                0x00000000080099d0       0x13 /usr/lib/gcc/arm-none-eabi/10.3.1/../../../arm-none-eabi/lib/thumb/v7e-m/nofp/libc_nano.a(lib_a-nano-svfprintf.o)
 .rodata.str1.4
                0x00000000080099e3       0x13 /usr/lib/gcc/arm-none-eabi/10.3.1/../../../arm-none-eabi/lib/thumb/v7e-m/nofp/libc_nano.a(lib_a-nano-vfprintf.o)
 *fill*         0x00000000080099e3        0x1 
 .rodata.str1.4
                0x00000000080099e4       0x3f /usr/lib/gcc/arm-none-eabi/10.3.1/../../../arm-none-eabi/lib/thumb/v7e-m/nofp/libc_nano.a(lib_a-assert.o)
                                         0x43 (size before relaxing)
                0x0000000008009a24                . = ALIGN (0x4)
 *fill*         0x0000000008009a23        0x1 

.rel.dyn        0x0000000008009a24        0x0
 .rel.iplt      0x0000000008009a24        0x0 /usr/lib/gcc/arm-none-eabi/10.3.1/thumb/v7e-m/nofp/crtbegin.o

.ARM.extab
 *(.ARM.extab* .gnu.linkonce.armextab.*)

.ARM            0x0000000008009a24        0x0
                0x0000000008009a24                __exidx_start = .
 *(.ARM.exidx*)
                0x0000000008009a24                __exidx_end = .

.preinit_array  0x0000000008009a24        0x0
                0x0000000008009a24                PROVIDE (__preinit_array_start = .)
 *(.preinit_array*)
                0x0000000008009a24                PROVIDE (__preinit_array_end = .)

.init_array     0x0000000008009a24        0x4
                0x0000000008009a24                PROVIDE (__init_array_start = .)
 *(SORT_BY_NAME(.init_array.*))
 *(.init_array*)
 .init_array    0x0000000008009a24        0x4 /usr/lib/gcc/arm-none-eabi/10.3.1/thumb/v7e-m/nofp/crtbegin.o
                0x0000000008009a28                PROVIDE (__init_array_end = .)

.fini_array     0x0000000008009a28        0x4
                0x0000000008009a28                PROVIDE (__fini_array_start = .)
 *(SORT_BY_NAME(.fini_array.*))
 *(.fini_array*)
 .fini_array    0x0000000008009a28        0x4 /usr/lib/gcc/arm-none-eabi/10.3.1/thumb/v7e-m/nofp/crtbegin.o
                0x0000000008009a2c                PROVIDE (__fini_array_end = .)
                0x0000000008009a2c                _sidata = LOADADDR (.data)

.data           0x0000000020000000      0x1e4 load address 0x0000000008009a2c
                0x0000000020000000                . = ALIGN (0x4)
                0x0000000020000000                _sdata = .
 *(.data)
 .data          0x0000000020000000       0x64 /usr/lib/gcc/arm-none-eabi/10.3.1/../../../arm-none-eabi/lib/thumb/v7e-m/nofp/libc_nano.a(lib_a-impure.o)
                0x0000000020000000                _impure_ptr
 .data          0x0000000020000064        0x2 /usr/lib/gcc/arm-none-eabi/10.3.1/../../../arm-none-eabi/lib/thumb/v7e-m/nofp/libc_nano.a(lib_a-lnumeric.o)
 *fill*         0x0000000020000066        0x2 
 .data          0x0000000020000068      0x16c /usr/lib/gcc/arm-none-eabi/10.3.1/../../../arm-none-eabi/lib/thumb/v7e-m/nofp/libc_nano.a(lib_a-locale.o)
                0x0000000020000068                __global_locale
 *(.data*)
 .data.APBAHBPrescTable
                0x00000000200001d4       0x10 CMakeFiles/qingluan.elf.dir/STM32F40x_FWLib/src/stm32f4xx_rcc.c.o
                0x00000000200001e4                . = ALIGN (0x4)
                0x00000000200001e4                _edata = .

.tm_clone_table
                0x00000000200001e4        0x0 load address 0x0000000008009c10
 .tm_clone_table
                0x00000000200001e4        0x0 /usr/lib/gcc/arm-none-eabi/10.3.1/thumb/v7e-m/nofp/crtbegin.o
 .tm_clone_table
                0x00000000200001e4        0x0 /usr/lib/gcc/arm-none-eabi/10.3.1/thumb/v7e-m/nofp/crtend.o

.igot.plt       0x00000000200001e4        0x0 load address 0x0000000008009c10
 .igot.plt      0x00000000200001e4        0x0 /usr/lib/gcc/arm-none-eabi/10.3.1/thumb/v7e-m/nofp/crtbegin.o
                0x00000000200001e4                . = ALIGN (0x4)

.bss            0x00000000200001e4     0x1e64 load address 0x0000000008009c10
                0x00000000200001e4                _sbss = .
                0x00000000200001e4                __bss_start__ = _sbss
 *(.bss)
 .bss           0x00000000200001e4       0x1c /usr/lib/gcc/arm-none-eabi/10.3.1/thumb/v7e-m/nofp/crtbegin.o
 .bss           0x0000000020000200        0x8 /usr/lib/gcc/arm-none-eabi/10.3.1/../../../arm-none-eabi/lib/thumb/v7e-m/nofp/libc_nano.a(lib_a-nano-mallocr.o)
                0x0000000020000200                __malloc_free_list
                0x0000000020000204                __malloc_sbrk_start
 .bss           0x0000000020000208        0x4 /usr/lib/gcc/arm-none-eabi/10.3.1/../../../arm-none-eabi/lib/thumb/v7e-m/nofp/libc_nano.a(lib_a-reent.o)
                0x0000000020000208                errno
 .bss           0x000000002000020c        0x4 /usr/lib/gcc/arm-none-eabi/10.3.1/../../../arm-none-eabi/lib/thumb/v7e-m/nofp/libnosys.a(sbrk.o)
 *(.bss*)
 .bss.OSCPUUsage
                0x0000000020000210        0x1 CMakeFiles/qingluan.elf.dir/OS/src/os_core.c.o
                0x0000000020000210                OSCPUUsage
 *fill*         0x0000000020000211        0x3 
 .bss.OSCtxSwCtr
                0x0000000020000214        0x4 CMakeFiles/qingluan.elf.dir/OS/src/os_core.c.o
                0x0000000020000214                OSCtxSwCtr
 .bss.OSEventFreeList
                0x0000000020000218        0x4 CMakeFiles/qingluan.elf.dir/OS/src/os_core.c.o
                0x0000000020000218                OSEventFreeList
 .bss.OSEventTbl
                0x000000002000021c       0xf0 CMakeFiles/qingluan.elf.dir/OS/src/os_core.c.o
                0x000000002000021c                OSEventTbl
 .bss.OSFlagFreeList
                0x000000002000030c        0x4 CMakeFiles/qingluan.elf.dir/OS/src/os_core.c.o
                0x000000002000030c                OSFlagFreeList
 .bss.OSFlagTbl
                0x0000000020000310       0x50 CMakeFiles/qingluan.elf.dir/OS/src/os_core.c.o
                0x0000000020000310                OSFlagTbl
 .bss.OSIdleCtr
                0x0000000020000360        0x4 CMakeFiles/qingluan.elf.dir/OS/src/os_core.c.o
                0x0000000020000360                OSIdleCtr
 .bss.OSIdleCtrMax
                0x0000000020000364        0x4 CMakeFiles/qingluan.elf.dir/OS/src/os_core.c.o
                0x0000000020000364                OSIdleCtrMax
 .bss.OSIdleCtrRun
                0x0000000020000368        0x4 CMakeFiles/qingluan.elf.dir/OS/src/os_core.c.o
                0x0000000020000368                OSIdleCtrRun
 .bss.OSIntNesting
                0x000000002000036c        0x1 CMakeFiles/qingluan.elf.dir/OS/src/os_core.c.o
                0x000000002000036c                OSIntNesting
 .bss.OSLockNesting
                0x000000002000036d        0x1 CMakeFiles/qingluan.elf.dir/OS/src/os_core.c.o
                0x000000002000036d                OSLockNesting
 *fill*         0x000000002000036e        0x2 
 .bss.OSMemFreeList
                0x0000000020000370        0x4 CMakeFiles/qingluan.elf.dir/OS/src/os_core.c.o
                0x0000000020000370                OSMemFreeList
 .bss.OSMemTbl  0x0000000020000374       0x78 CMakeFiles/qingluan.elf.dir/OS/src/os_core.c.o
                0x0000000020000374                OSMemTbl
 .bss.OSPrioCur
                0x00000000200003ec        0x1 CMakeFiles/qingluan.elf.dir/OS/src/os_core.c.o
                0x00000000200003ec                OSPrioCur
 .bss.OSPrioHighRdy
                0x00000000200003ed        0x1 CMakeFiles/qingluan.elf.dir/OS/src/os_core.c.o
                0x00000000200003ed                OSPrioHighRdy
 *fill*         0x00000000200003ee        0x2 
 .bss.OSQFreeList
                0x00000000200003f0        0x4 CMakeFiles/qingluan.elf.dir/OS/src/os_core.c.o
                0x00000000200003f0                OSQFreeList
 .bss.OSQTbl    0x00000000200003f4       0x60 CMakeFiles/qingluan.elf.dir/OS/src/os_core.c.o
                0x00000000200003f4                OSQTbl
 .bss.OSRdyGrp  0x0000000020000454        0x1 CMakeFiles/qingluan.elf.dir/OS/src/os_core.c.o
                0x0000000020000454                OSRdyGrp
 .bss.OSRdyTbl  0x0000000020000455        0x8 CMakeFiles/qingluan.elf.dir/OS/src/os_core.c.o
                0x0000000020000455                OSRdyTbl
 .bss.OSRunning
                0x000000002000045d        0x1 CMakeFiles/qingluan.elf.dir/OS/src/os_core.c.o
                0x000000002000045d                OSRunning
 .bss.OSStatRdy
                0x000000002000045e        0x1 CMakeFiles/qingluan.elf.dir/OS/src/os_core.c.o
                0x000000002000045e                OSStatRdy
 *fill*         0x000000002000045f        0x1 
 .bss.OSTCBCur  0x0000000020000460        0x4 CMakeFiles/qingluan.elf.dir/OS/src/os_core.c.o
                0x0000000020000460                OSTCBCur
 .bss.OSTCBFreeList
                0x0000000020000464        0x4 CMakeFiles/qingluan.elf.dir/OS/src/os_core.c.o
                0x0000000020000464                OSTCBFreeList
 .bss.OSTCBHighRdy
                0x0000000020000468        0x4 CMakeFiles/qingluan.elf.dir/OS/src/os_core.c.o
                0x0000000020000468                OSTCBHighRdy
 .bss.OSTCBList
                0x000000002000046c        0x4 CMakeFiles/qingluan.elf.dir/OS/src/os_core.c.o
                0x000000002000046c                OSTCBList
 .bss.OSTCBPrioTbl
                0x0000000020000470      0x100 CMakeFiles/qingluan.elf.dir/OS/src/os_core.c.o
                0x0000000020000470                OSTCBPrioTbl
 .bss.OSTCBTbl  0x0000000020000570      0x7e8 CMakeFiles/qingluan.elf.dir/OS/src/os_core.c.o
                0x0000000020000570                OSTCBTbl
 .bss.OSTaskCtr
                0x0000000020000d58        0x1 CMakeFiles/qingluan.elf.dir/OS/src/os_core.c.o
                0x0000000020000d58                OSTaskCtr
 *fill*         0x0000000020000d59        0x3 
 .bss.OSTaskIdleStk
                0x0000000020000d5c      0x200 CMakeFiles/qingluan.elf.dir/OS/src/os_core.c.o
                0x0000000020000d5c                OSTaskIdleStk
 .bss.OSTaskRegNextAvailID
                0x0000000020000f5c        0x1 CMakeFiles/qingluan.elf.dir/OS/src/os_core.c.o
                0x0000000020000f5c                OSTaskRegNextAvailID
 *fill*         0x0000000020000f5d        0x3 
 .bss.OSTaskStatStk
                0x0000000020000f60      0x200 CMakeFiles/qingluan.elf.dir/OS/src/os_core.c.o
                0x0000000020000f60                OSTaskStatStk
 .bss.OSTickStepState
                0x0000000020001160        0x1 CMakeFiles/qingluan.elf.dir/OS/src/os_core.c.o
                0x0000000020001160                OSTickStepState
 *fill*         0x0000000020001161        0x3 
 .bss.OSTime    0x0000000020001164        0x4 CMakeFiles/qingluan.elf.dir/OS/src/os_core.c.o
                0x0000000020001164                OSTime
 .bss.OSTmrFree
                0x0000000020001168        0x2 CMakeFiles/qingluan.elf.dir/OS/src/os_core.c.o
                0x0000000020001168                OSTmrFree
 *fill*         0x000000002000116a        0x2 
 .bss.OSTmrFreeList
                0x000000002000116c        0x4 CMakeFiles/qingluan.elf.dir/OS/src/os_core.c.o
                0x000000002000116c                OSTmrFreeList
 .bss.OSTmrSem  0x0000000020001170        0x4 CMakeFiles/qingluan.elf.dir/OS/src/os_core.c.o
                0x0000000020001170                OSTmrSem
 .bss.OSTmrSemSignal
                0x0000000020001174        0x4 CMakeFiles/qingluan.elf.dir/OS/src/os_core.c.o
                0x0000000020001174                OSTmrSemSignal
 .bss.OSTmrTaskStk
                0x0000000020001178      0x200 CMakeFiles/qingluan.elf.dir/OS/src/os_core.c.o
                0x0000000020001178                OSTmrTaskStk
 .bss.OSTmrTbl  0x0000000020001378      0x280 CMakeFiles/qingluan.elf.dir/OS/src/os_core.c.o
                0x0000000020001378                OSTmrTbl
 .bss.OSTmrTime
                0x00000000200015f8        0x4 CMakeFiles/qingluan.elf.dir/OS/src/os_core.c.o
                0x00000000200015f8                OSTmrTime
 .bss.OSTmrUsed
                0x00000000200015fc        0x2 CMakeFiles/qingluan.elf.dir/OS/src/os_core.c.o
                0x00000000200015fc                OSTmrUsed
 *fill*         0x00000000200015fe        0x2 
 .bss.OSTmrWheelTbl
                0x0000000020001600       0x38 CMakeFiles/qingluan.elf.dir/OS/src/os_core.c.o
                0x0000000020001600                OSTmrWheelTbl
 .bss.OSTmrCtr  0x0000000020001638        0x2 CMakeFiles/qingluan.elf.dir/OS/src/os_cpu_c.c.o
 *fill*         0x000000002000163a        0x2 
 .bss.OS_CPU_ExceptStk
                0x000000002000163c      0x400 CMakeFiles/qingluan.elf.dir/OS/src/os_cpu_c.c.o
                0x000000002000163c                OS_CPU_ExceptStk
 .bss.OS_CPU_ExceptStkBase
                0x0000000020001a3c        0x4 CMakeFiles/qingluan.elf.dir/OS/src/os_cpu_c.c.o
                0x0000000020001a3c                OS_CPU_ExceptStkBase
 .bss.OS_KA_BASEPRI_Boundary
                0x0000000020001a40        0x4 CMakeFiles/qingluan.elf.dir/OS/src/os_cpu_c.c.o
                0x0000000020001a40                OS_KA_BASEPRI_Boundary
 .bss.fac_ms    0x0000000020001a44        0x2 CMakeFiles/qingluan.elf.dir/Src/delay.c.o
 .bss.fac_us    0x0000000020001a46        0x1 CMakeFiles/qingluan.elf.dir/Src/delay.c.o
 *fill*         0x0000000020001a47        0x1 
 .bss.Task0Stk  0x0000000020001a48      0x200 CMakeFiles/qingluan.elf.dir/Src/main.c.o
                0x0000000020001a48                Task0Stk
 .bss.Task1Stk  0x0000000020001c48      0x200 CMakeFiles/qingluan.elf.dir/Src/main.c.o
                0x0000000020001c48                Task1Stk
 .bss.Task2Stk  0x0000000020001e48      0x200 CMakeFiles/qingluan.elf.dir/Src/main.c.o
                0x0000000020001e48                Task2Stk
 *(COMMON)
                0x0000000020002048                . = ALIGN (0x4)
                0x0000000020002048                _ebss = .
                0x0000000020002048                __bss_end__ = _ebss

._user_heap_stack
                0x0000000020002048      0x600 load address 0x0000000008009c10
                0x0000000020002048                . = ALIGN (0x8)
                0x0000000020002048                PROVIDE (end = .)
                [!provide]                        PROVIDE (_end = .)
                0x0000000020002248                . = (. + _Min_Heap_Size)
 *fill*         0x0000000020002048      0x200 
                0x0000000020002648                . = (. + _Min_Stack_Size)
 *fill*         0x0000000020002248      0x400 
                0x0000000020002648                . = ALIGN (0x8)

/DISCARD/
 libc.a(*)
 libm.a(*)
 libgcc.a(*)

.ARM.attributes
                0x0000000000000000       0x2a
 *(.ARM.attributes)
 .ARM.attributes
                0x0000000000000000       0x1e /usr/lib/gcc/arm-none-eabi/10.3.1/thumb/v7e-m/nofp/crti.o
 .ARM.attributes
                0x000000000000001e       0x2e /usr/lib/gcc/arm-none-eabi/10.3.1/thumb/v7e-m/nofp/crtbegin.o
 .ARM.attributes
                0x000000000000004c       0x2e CMakeFiles/qingluan.elf.dir/OS/src/app_hooks.c.o
 .ARM.attributes
                0x000000000000007a       0x2e CMakeFiles/qingluan.elf.dir/OS/src/os_core.c.o
 .ARM.attributes
                0x00000000000000a8       0x2e CMakeFiles/qingluan.elf.dir/OS/src/os_cpu_c.c.o
 .ARM.attributes
                0x00000000000000d6       0x2e CMakeFiles/qingluan.elf.dir/OS/src/os_dbg_r.c.o
 .ARM.attributes
                0x0000000000000104       0x2e CMakeFiles/qingluan.elf.dir/OS/src/os_flag.c.o
 .ARM.attributes
                0x0000000000000132       0x2e CMakeFiles/qingluan.elf.dir/OS/src/os_mem.c.o
 .ARM.attributes
                0x0000000000000160       0x2e CMakeFiles/qingluan.elf.dir/OS/src/os_q.c.o
 .ARM.attributes
                0x000000000000018e       0x2e CMakeFiles/qingluan.elf.dir/OS/src/os_sem.c.o
 .ARM.attributes
                0x00000000000001bc       0x2e CMakeFiles/qingluan.elf.dir/OS/src/os_task.c.o
 .ARM.attributes
                0x00000000000001ea       0x2e CMakeFiles/qingluan.elf.dir/OS/src/os_time.c.o
 .ARM.attributes
                0x0000000000000218       0x2e CMakeFiles/qingluan.elf.dir/OS/src/os_tmr.c.o
 .ARM.attributes
                0x0000000000000246       0x2e CMakeFiles/qingluan.elf.dir/STM32F40x_FWLib/src/misc.c.o
 .ARM.attributes
                0x0000000000000274       0x2e CMakeFiles/qingluan.elf.dir/STM32F40x_FWLib/src/stm32f4xx_gpio.c.o
 .ARM.attributes
                0x00000000000002a2       0x2e CMakeFiles/qingluan.elf.dir/STM32F40x_FWLib/src/stm32f4xx_rcc.c.o
 .ARM.attributes
                0x00000000000002d0       0x2e CMakeFiles/qingluan.elf.dir/STM32F40x_FWLib/src/stm32f4xx_usart.c.o
 .ARM.attributes
                0x00000000000002fe       0x2e CMakeFiles/qingluan.elf.dir/Src/delay.c.o
 .ARM.attributes
                0x000000000000032c       0x2e CMakeFiles/qingluan.elf.dir/Src/i2c.c.o
 .ARM.attributes
                0x000000000000035a       0x2e CMakeFiles/qingluan.elf.dir/Src/led.c.o
 .ARM.attributes
                0x0000000000000388       0x2e CMakeFiles/qingluan.elf.dir/Src/main.c.o
 .ARM.attributes
                0x00000000000003b6       0x2e CMakeFiles/qingluan.elf.dir/Src/mpu6050.c.o
 .ARM.attributes
                0x00000000000003e4       0x2e CMakeFiles/qingluan.elf.dir/Src/myusart.c.o
 .ARM.attributes
                0x0000000000000412       0x2e CMakeFiles/qingluan.elf.dir/Src/stm32f4xx_it.c.o
 .ARM.attributes
                0x0000000000000440       0x2e CMakeFiles/qingluan.elf.dir/Src/system_stm32f4xx.c.o
 .ARM.attributes
                0x000000000000046e       0x21 CMakeFiles/qingluan.elf.dir/startup_stm32f401xe.s.o
 .ARM.attributes
                0x000000000000048f       0x1c CMakeFiles/qingluan.elf.dir/OS/os_cpu_a.S.o
 .ARM.attributes
                0x00000000000004ab       0x2e /usr/lib/gcc/arm-none-eabi/10.3.1/../../../arm-none-eabi/lib/thumb/v7e-m/nofp/libc_nano.a(lib_a-impure.o)
 .ARM.attributes
                0x00000000000004d9       0x2e /usr/lib/gcc/arm-none-eabi/10.3.1/../../../arm-none-eabi/lib/thumb/v7e-m/nofp/libc_nano.a(lib_a-init.o)
 .ARM.attributes
                0x0000000000000507       0x1c /usr/lib/gcc/arm-none-eabi/10.3.1/../../../arm-none-eabi/lib/thumb/v7e-m/nofp/libc_nano.a(lib_a-memcpy.o)
 .ARM.attributes
                0x0000000000000523       0x2e /usr/lib/gcc/arm-none-eabi/10.3.1/../../../arm-none-eabi/lib/thumb/v7e-m/nofp/libc_nano.a(lib_a-memset.o)
 .ARM.attributes
                0x0000000000000551       0x2e /usr/lib/gcc/arm-none-eabi/10.3.1/../../../arm-none-eabi/lib/thumb/v7e-m/nofp/libc_nano.a(lib_a-nano-vfprintf_float.o)
 .ARM.attributes
                0x000000000000057f       0x2e /usr/lib/gcc/arm-none-eabi/10.3.1/../../../arm-none-eabi/lib/thumb/v7e-m/nofp/libc_nano.a(lib_a-nano-vfprintf_i.o)
 .ARM.attributes
                0x00000000000005ad       0x2e /usr/lib/gcc/arm-none-eabi/10.3.1/../../../arm-none-eabi/lib/thumb/v7e-m/nofp/libc_nano.a(lib_a-nano-vfscanf_float.o)
 .ARM.attributes
                0x00000000000005db       0x2e /usr/lib/gcc/arm-none-eabi/10.3.1/../../../arm-none-eabi/lib/thumb/v7e-m/nofp/libc_nano.a(lib_a-printf.o)
 .ARM.attributes
                0x0000000000000609       0x2e /usr/lib/gcc/arm-none-eabi/10.3.1/../../../arm-none-eabi/lib/thumb/v7e-m/nofp/libc_nano.a(lib_a-puts.o)
 .ARM.attributes
                0x0000000000000637       0x2e /usr/lib/gcc/arm-none-eabi/10.3.1/../../../arm-none-eabi/lib/thumb/v7e-m/nofp/libc_nano.a(lib_a-sf_nan.o)
 .ARM.attributes
                0x0000000000000665       0x2e /usr/lib/gcc/arm-none-eabi/10.3.1/../../../arm-none-eabi/lib/thumb/v7e-m/nofp/libc_nano.a(lib_a-sprintf.o)
 .ARM.attributes
                0x0000000000000693       0x1c /usr/lib/gcc/arm-none-eabi/10.3.1/../../../arm-none-eabi/lib/thumb/v7e-m/nofp/libc_nano.a(lib_a-strlen.o)
 .ARM.attributes
                0x00000000000006af       0x2e /usr/lib/gcc/arm-none-eabi/10.3.1/../../../arm-none-eabi/lib/thumb/v7e-m/nofp/libc_nano.a(lib_a-strtod.o)
 .ARM.attributes
                0x00000000000006dd       0x2e /usr/lib/gcc/arm-none-eabi/10.3.1/../../../arm-none-eabi/lib/thumb/v7e-m/nofp/libc_nano.a(lib_a-strtol.o)
 .ARM.attributes
                0x000000000000070b       0x2e /usr/lib/gcc/arm-none-eabi/10.3.1/../../../arm-none-eabi/lib/thumb/v7e-m/nofp/libc_nano.a(lib_a-wbuf.o)
 .ARM.attributes
                0x0000000000000739       0x2e /usr/lib/gcc/arm-none-eabi/10.3.1/../../../arm-none-eabi/lib/thumb/v7e-m/nofp/libc_nano.a(lib_a-wsetup.o)
 .ARM.attributes
                0x0000000000000767       0x2e /usr/lib/gcc/arm-none-eabi/10.3.1/../../../arm-none-eabi/lib/thumb/v7e-m/nofp/libc_nano.a(lib_a-ctype_.o)
 .ARM.attributes
                0x0000000000000795       0x2e /usr/lib/gcc/arm-none-eabi/10.3.1/../../../arm-none-eabi/lib/thumb/v7e-m/nofp/libc_nano.a(lib_a-dtoa.o)
 .ARM.attributes
                0x00000000000007c3       0x2e /usr/lib/gcc/arm-none-eabi/10.3.1/../../../arm-none-eabi/lib/thumb/v7e-m/nofp/libc_nano.a(lib_a-errno.o)
 .ARM.attributes
                0x00000000000007f1       0x2e /usr/lib/gcc/arm-none-eabi/10.3.1/../../../arm-none-eabi/lib/thumb/v7e-m/nofp/libc_nano.a(lib_a-fflush.o)
 .ARM.attributes
                0x000000000000081f       0x2e /usr/lib/gcc/arm-none-eabi/10.3.1/../../../arm-none-eabi/lib/thumb/v7e-m/nofp/libc_nano.a(lib_a-findfp.o)
 .ARM.attributes
                0x000000000000084d       0x2e /usr/lib/gcc/arm-none-eabi/10.3.1/../../../arm-none-eabi/lib/thumb/v7e-m/nofp/libc_nano.a(lib_a-fwalk.o)
 .ARM.attributes
                0x000000000000087b       0x2e /usr/lib/gcc/arm-none-eabi/10.3.1/../../../arm-none-eabi/lib/thumb/v7e-m/nofp/libc_nano.a(lib_a-gdtoa-gethex.o)
 .ARM.attributes
                0x00000000000008a9       0x2e /usr/lib/gcc/arm-none-eabi/10.3.1/../../../arm-none-eabi/lib/thumb/v7e-m/nofp/libc_nano.a(lib_a-gdtoa-hexnan.o)
 .ARM.attributes
                0x00000000000008d7       0x2e /usr/lib/gcc/arm-none-eabi/10.3.1/../../../arm-none-eabi/lib/thumb/v7e-m/nofp/libc_nano.a(lib_a-lnumeric.o)
 .ARM.attributes
                0x0000000000000905       0x2e /usr/lib/gcc/arm-none-eabi/10.3.1/../../../arm-none-eabi/lib/thumb/v7e-m/nofp/libc_nano.a(lib_a-locale.o)
 .ARM.attributes
                0x0000000000000933       0x2e /usr/lib/gcc/arm-none-eabi/10.3.1/../../../arm-none-eabi/lib/thumb/v7e-m/nofp/libc_nano.a(lib_a-localeconv.o)
 .ARM.attributes
                0x0000000000000961       0x2e /usr/lib/gcc/arm-none-eabi/10.3.1/../../../arm-none-eabi/lib/thumb/v7e-m/nofp/libc_nano.a(lib_a-makebuf.o)
 .ARM.attributes
                0x000000000000098f       0x2e /usr/lib/gcc/arm-none-eabi/10.3.1/../../../arm-none-eabi/lib/thumb/v7e-m/nofp/libc_nano.a(lib_a-malloc.o)
 .ARM.attributes
                0x00000000000009bd       0x2e /usr/lib/gcc/arm-none-eabi/10.3.1/../../../arm-none-eabi/lib/thumb/v7e-m/nofp/libc_nano.a(lib_a-mbtowc_r.o)
 .ARM.attributes
                0x00000000000009eb       0x1c /usr/lib/gcc/arm-none-eabi/10.3.1/../../../arm-none-eabi/lib/thumb/v7e-m/nofp/libc_nano.a(lib_a-memchr.o)
 .ARM.attributes
                0x0000000000000a07       0x2e /usr/lib/gcc/arm-none-eabi/10.3.1/../../../arm-none-eabi/lib/thumb/v7e-m/nofp/libc_nano.a(lib_a-mprec.o)
 .ARM.attributes
                0x0000000000000a35       0x2e /usr/lib/gcc/arm-none-eabi/10.3.1/../../../arm-none-eabi/lib/thumb/v7e-m/nofp/libc_nano.a(lib_a-nano-callocr.o)
 .ARM.attributes
                0x0000000000000a63       0x2e /usr/lib/gcc/arm-none-eabi/10.3.1/../../../arm-none-eabi/lib/thumb/v7e-m/nofp/libc_nano.a(lib_a-nano-freer.o)
 .ARM.attributes
                0x0000000000000a91       0x2e /usr/lib/gcc/arm-none-eabi/10.3.1/../../../arm-none-eabi/lib/thumb/v7e-m/nofp/libc_nano.a(lib_a-nano-mallocr.o)
 .ARM.attributes
                0x0000000000000abf       0x2e /usr/lib/gcc/arm-none-eabi/10.3.1/../../../arm-none-eabi/lib/thumb/v7e-m/nofp/libc_nano.a(lib_a-nano-svfprintf.o)
 .ARM.attributes
                0x0000000000000aed       0x2e /usr/lib/gcc/arm-none-eabi/10.3.1/../../../arm-none-eabi/lib/thumb/v7e-m/nofp/libc_nano.a(lib_a-nano-vfprintf.o)
 .ARM.attributes
                0x0000000000000b1b       0x2e /usr/lib/gcc/arm-none-eabi/10.3.1/../../../arm-none-eabi/lib/thumb/v7e-m/nofp/libc_nano.a(lib_a-s_nan.o)
 .ARM.attributes
                0x0000000000000b49       0x2e /usr/lib/gcc/arm-none-eabi/10.3.1/../../../arm-none-eabi/lib/thumb/v7e-m/nofp/libc_nano.a(lib_a-sbrkr.o)
 .ARM.attributes
                0x0000000000000b77       0x2e /usr/lib/gcc/arm-none-eabi/10.3.1/../../../arm-none-eabi/lib/thumb/v7e-m/nofp/libc_nano.a(lib_a-stdio.o)
 .ARM.attributes
                0x0000000000000ba5       0x2e /usr/lib/gcc/arm-none-eabi/10.3.1/../../../arm-none-eabi/lib/thumb/v7e-m/nofp/libc_nano.a(lib_a-strncmp.o)
 .ARM.attributes
                0x0000000000000bd3       0x2e /usr/lib/gcc/arm-none-eabi/10.3.1/../../../arm-none-eabi/lib/thumb/v7e-m/nofp/libc_nano.a(lib_a-wctomb_r.o)
 .ARM.attributes
                0x0000000000000c01       0x2e /usr/lib/gcc/arm-none-eabi/10.3.1/../../../arm-none-eabi/lib/thumb/v7e-m/nofp/libc_nano.a(lib_a-writer.o)
 .ARM.attributes
                0x0000000000000c2f       0x2e /usr/lib/gcc/arm-none-eabi/10.3.1/../../../arm-none-eabi/lib/thumb/v7e-m/nofp/libc_nano.a(lib_a-assert.o)
 .ARM.attributes
                0x0000000000000c5d       0x2e /usr/lib/gcc/arm-none-eabi/10.3.1/../../../arm-none-eabi/lib/thumb/v7e-m/nofp/libc_nano.a(lib_a-closer.o)
 .ARM.attributes
                0x0000000000000c8b       0x2e /usr/lib/gcc/arm-none-eabi/10.3.1/../../../arm-none-eabi/lib/thumb/v7e-m/nofp/libc_nano.a(lib_a-fprintf.o)
 .ARM.attributes
                0x0000000000000cb9       0x2e /usr/lib/gcc/arm-none-eabi/10.3.1/../../../arm-none-eabi/lib/thumb/v7e-m/nofp/libc_nano.a(lib_a-fstatr.o)
 .ARM.attributes
                0x0000000000000ce7       0x2e /usr/lib/gcc/arm-none-eabi/10.3.1/../../../arm-none-eabi/lib/thumb/v7e-m/nofp/libc_nano.a(lib_a-fvwrite.o)
 .ARM.attributes
                0x0000000000000d15       0x2e /usr/lib/gcc/arm-none-eabi/10.3.1/../../../arm-none-eabi/lib/thumb/v7e-m/nofp/libc_nano.a(lib_a-isattyr.o)
 .ARM.attributes
                0x0000000000000d43       0x2e /usr/lib/gcc/arm-none-eabi/10.3.1/../../../arm-none-eabi/lib/thumb/v7e-m/nofp/libc_nano.a(lib_a-lseekr.o)
 .ARM.attributes
                0x0000000000000d71       0x2e /usr/lib/gcc/arm-none-eabi/10.3.1/../../../arm-none-eabi/lib/thumb/v7e-m/nofp/libc_nano.a(lib_a-memmove.o)
 .ARM.attributes
                0x0000000000000d9f       0x2e /usr/lib/gcc/arm-none-eabi/10.3.1/../../../arm-none-eabi/lib/thumb/v7e-m/nofp/libc_nano.a(lib_a-mlock.o)
 .ARM.attributes
                0x0000000000000dcd       0x2e /usr/lib/gcc/arm-none-eabi/10.3.1/../../../arm-none-eabi/lib/thumb/v7e-m/nofp/libc_nano.a(lib_a-nano-reallocr.o)
 .ARM.attributes
                0x0000000000000dfb       0x2e /usr/lib/gcc/arm-none-eabi/10.3.1/../../../arm-none-eabi/lib/thumb/v7e-m/nofp/libc_nano.a(lib_a-readr.o)
 .ARM.attributes
                0x0000000000000e29       0x2e /usr/lib/gcc/arm-none-eabi/10.3.1/../../../arm-none-eabi/lib/thumb/v7e-m/nofp/libc_nano.a(lib_a-reent.o)
 .ARM.attributes
                0x0000000000000e57       0x2e /usr/lib/gcc/arm-none-eabi/10.3.1/../../../arm-none-eabi/lib/thumb/v7e-m/nofp/libc_nano.a(lib_a-abort.o)
 .ARM.attributes
                0x0000000000000e85       0x2e /usr/lib/gcc/arm-none-eabi/10.3.1/../../../arm-none-eabi/lib/thumb/v7e-m/nofp/libc_nano.a(lib_a-nano-msizer.o)
 .ARM.attributes
                0x0000000000000eb3       0x2e /usr/lib/gcc/arm-none-eabi/10.3.1/../../../arm-none-eabi/lib/thumb/v7e-m/nofp/libc_nano.a(lib_a-signal.o)
 .ARM.attributes
                0x0000000000000ee1       0x2e /usr/lib/gcc/arm-none-eabi/10.3.1/../../../arm-none-eabi/lib/thumb/v7e-m/nofp/libc_nano.a(lib_a-signalr.o)
 .ARM.attributes
                0x0000000000000f0f       0x1e /usr/lib/gcc/arm-none-eabi/10.3.1/thumb/v7e-m/nofp/libgcc.a(_arm_addsubdf3.o)
 .ARM.attributes
                0x0000000000000f2d       0x1e /usr/lib/gcc/arm-none-eabi/10.3.1/thumb/v7e-m/nofp/libgcc.a(_arm_muldivdf3.o)
 .ARM.attributes
                0x0000000000000f4b       0x1e /usr/lib/gcc/arm-none-eabi/10.3.1/thumb/v7e-m/nofp/libgcc.a(_arm_cmpdf2.o)
 .ARM.attributes
                0x0000000000000f69       0x1e /usr/lib/gcc/arm-none-eabi/10.3.1/thumb/v7e-m/nofp/libgcc.a(_arm_unorddf2.o)
 .ARM.attributes
                0x0000000000000f87       0x1e /usr/lib/gcc/arm-none-eabi/10.3.1/thumb/v7e-m/nofp/libgcc.a(_arm_fixdfsi.o)
 .ARM.attributes
                0x0000000000000fa5       0x1e /usr/lib/gcc/arm-none-eabi/10.3.1/thumb/v7e-m/nofp/libgcc.a(_arm_fixunsdfsi.o)
 .ARM.attributes
                0x0000000000000fc3       0x1e /usr/lib/gcc/arm-none-eabi/10.3.1/thumb/v7e-m/nofp/libgcc.a(_arm_truncdfsf2.o)
 .ARM.attributes
                0x0000000000000fe1       0x1e /usr/lib/gcc/arm-none-eabi/10.3.1/thumb/v7e-m/nofp/libgcc.a(_arm_cmpsf2.o)
 .ARM.attributes
                0x0000000000000fff       0x1e /usr/lib/gcc/arm-none-eabi/10.3.1/thumb/v7e-m/nofp/libgcc.a(_arm_unordsf2.o)
 .ARM.attributes
                0x000000000000101d       0x2e /usr/lib/gcc/arm-none-eabi/10.3.1/thumb/v7e-m/nofp/libgcc.a(_fixdfdi.o)
 .ARM.attributes
                0x000000000000104b       0x2e /usr/lib/gcc/arm-none-eabi/10.3.1/thumb/v7e-m/nofp/libgcc.a(_fixunsdfdi.o)
 .ARM.attributes
                0x0000000000001079       0x2e /usr/lib/gcc/arm-none-eabi/10.3.1/../../../arm-none-eabi/lib/thumb/v7e-m/nofp/libnosys.a(close.o)
 .ARM.attributes
                0x00000000000010a7       0x2e /usr/lib/gcc/arm-none-eabi/10.3.1/../../../arm-none-eabi/lib/thumb/v7e-m/nofp/libnosys.a(fstat.o)
 .ARM.attributes
                0x00000000000010d5       0x2e /usr/lib/gcc/arm-none-eabi/10.3.1/../../../arm-none-eabi/lib/thumb/v7e-m/nofp/libnosys.a(getpid.o)
 .ARM.attributes
                0x0000000000001103       0x2e /usr/lib/gcc/arm-none-eabi/10.3.1/../../../arm-none-eabi/lib/thumb/v7e-m/nofp/libnosys.a(isatty.o)
 .ARM.attributes
                0x0000000000001131       0x2e /usr/lib/gcc/arm-none-eabi/10.3.1/../../../arm-none-eabi/lib/thumb/v7e-m/nofp/libnosys.a(kill.o)
 .ARM.attributes
                0x000000000000115f       0x2e /usr/lib/gcc/arm-none-eabi/10.3.1/../../../arm-none-eabi/lib/thumb/v7e-m/nofp/libnosys.a(lseek.o)
 .ARM.attributes
                0x000000000000118d       0x2e /usr/lib/gcc/arm-none-eabi/10.3.1/../../../arm-none-eabi/lib/thumb/v7e-m/nofp/libnosys.a(read.o)
 .ARM.attributes
                0x00000000000011bb       0x2e /usr/lib/gcc/arm-none-eabi/10.3.1/../../../arm-none-eabi/lib/thumb/v7e-m/nofp/libnosys.a(sbrk.o)
 .ARM.attributes
                0x00000000000011e9       0x2e /usr/lib/gcc/arm-none-eabi/10.3.1/../../../arm-none-eabi/lib/thumb/v7e-m/nofp/libnosys.a(_exit.o)
 .ARM.attributes
                0x0000000000001217       0x2e /usr/lib/gcc/arm-none-eabi/10.3.1/thumb/v7e-m/nofp/crtend.o
 .ARM.attributes
                0x0000000000001245       0x1e /usr/lib/gcc/arm-none-eabi/10.3.1/thumb/v7e-m/nofp/crtn.o
OUTPUT(qingluan.elf elf32-littlearm)
LOAD linker stubs
LOAD /usr/lib/gcc/arm-none-eabi/10.3.1/../../../arm-none-eabi/lib/thumb/v7e-m/nofp/libc.a
LOAD /usr/lib/gcc/arm-none-eabi/10.3.1/../../../arm-none-eabi/lib/thumb/v7e-m/nofp/libm.a
LOAD /usr/lib/gcc/arm-none-eabi/10.3.1/thumb/v7e-m/nofp/libgcc.a

.comment        0x0000000000000000       0x33
 .comment       0x0000000000000000       0x33 /usr/lib/gcc/arm-none-eabi/10.3.1/thumb/v7e-m/nofp/crtbegin.o
                                         0x34 (size before relaxing)
 .comment       0x0000000000000033       0x34 CMakeFiles/qingluan.elf.dir/OS/src/app_hooks.c.o
 .comment       0x0000000000000033       0x34 CMakeFiles/qingluan.elf.dir/OS/src/os_core.c.o
 .comment       0x0000000000000033       0x34 CMakeFiles/qingluan.elf.dir/OS/src/os_cpu_c.c.o
 .comment       0x0000000000000033       0x34 CMakeFiles/qingluan.elf.dir/OS/src/os_dbg_r.c.o
 .comment       0x0000000000000033       0x34 CMakeFiles/qingluan.elf.dir/OS/src/os_flag.c.o
 .comment       0x0000000000000033       0x34 CMakeFiles/qingluan.elf.dir/OS/src/os_mem.c.o
 .comment       0x0000000000000033       0x34 CMakeFiles/qingluan.elf.dir/OS/src/os_q.c.o
 .comment       0x0000000000000033       0x34 CMakeFiles/qingluan.elf.dir/OS/src/os_sem.c.o
 .comment       0x0000000000000033       0x34 CMakeFiles/qingluan.elf.dir/OS/src/os_task.c.o