<html>
<body>
<pre>
<h1>µVision Build Log</h1>
<h2>Tool Versions:</h2>
IDE-Version: ¦ÌVision V5.36.0.0
Copyright (C) 2021 ARM Ltd and ARM Germany GmbH. All rights reserved.
License Information: L 2790099263@qq.com, L, LIC=----
 
Tool Versions:
Toolchain:       MDK-Lite  Version: 5.36.0.0
Toolchain Path:  D:\myinstall\mdk536\ARM\ARMCC\Bin
C Compiler:      Armcc.exe V5.06 update 7 (build 960)
Assembler:       Armasm.exe V5.06 update 7 (build 960)
Linker/Locator:  ArmLink.exe V5.06 update 7 (build 960)
Library Manager: ArmAr.exe V5.06 update 7 (build 960)
Hex Converter:   FromElf.exe V5.06 update 7 (build 960)
CPU DLL:         SARMCM3.DLL V5.36.0.0
Dialog DLL:      DCM.DLL V1.17.3.0
Target DLL:      STLink\ST-LINKIII-KEIL_SWO.dll V3.0.9.0
Dialog DLL:      TCM.DLL V1.53.0.0
 
<h2>Project:</h2>
D:\repos\STM32_REGISTER\code\N_CLOCK_CONFIG_PROJECT\clock_config.uvprojx
Project File Date:  02/01/2023

<h2>Output:</h2>
*** Using Compiler 'V5.06 update 7 (build 960)', folder: 'D:\myinstall\mdk536\ARM\ARMCC\Bin'
Rebuild target 'Target 1'
compiling main.c...
USER\src\../inc/stm32f401ret6.h(218): warning:  #1-D: last line of file ends without a newline
  #endif //STM32_REGISTER_STM32F401RET6_H
USER\src\../inc/clock_config.h(10): warning:  #1295-D: Deprecated declaration pll_clock_config - give arg types
  void pll_clock_config();
USER\src\../inc/mpu6050.h(21): warning:  #1295-D: Deprecated declaration MPU6050_Init - give arg types
  void MPU6050_Init();
USER\src\../inc/pwm.h(11): warning:  #1295-D: Deprecated declaration TIM_UnLock - give arg types
  void TIM_UnLock();
USER\src\main.c(26): warning:  #940-D: missing return statement at end of non-void function "_sys_exit" 
  }
USER\src\main.c(72): warning:  #1-D: last line of file ends without a newline
  }
USER\src\main.c: 6 warnings, 0 errors
compiling gpio.c...
USER\src\../inc/stm32f401ret6.h(218): warning:  #1-D: last line of file ends without a newline
  #endif //STM32_REGISTER_STM32F401RET6_H
USER\src\gpio.c(39): warning:  #1-D: last line of file ends without a newline
  }
USER\src\gpio.c: 2 warnings, 0 errors
compiling mpu6050.c...
USER\src\../inc/stm32f401ret6.h(218): warning:  #1-D: last line of file ends without a newline
  #endif //STM32_REGISTER_STM32F401RET6_H
USER\src\../inc/mpu6050.h(21): warning:  #1295-D: Deprecated declaration MPU6050_Init - give arg types
  void MPU6050_Init();
USER\src\mpu6050.c(111): warning:  #1-D: last line of file ends without a newline
  }
USER\src\mpu6050.c: 3 warnings, 0 errors
compiling iic.c...
USER\src\../inc/stm32f401ret6.h(218): warning:  #1-D: last line of file ends without a newline
  #endif //STM32_REGISTER_STM32F401RET6_H
USER\src\iic.c(141): warning:  #1-D: last line of file ends without a newline
  }
USER\src\iic.c: 2 warnings, 0 errors
compiling clock_config.c...
USER\src\../inc/stm32f401ret6.h(218): warning:  #1-D: last line of file ends without a newline
  #endif //STM32_REGISTER_STM32F401RET6_H
USER\src\../inc/clock_config.h(10): warning:  #1295-D: Deprecated declaration pll_clock_config - give arg types
  void pll_clock_config();
USER\src\clock_config.c(42): warning:  #1-D: last line of file ends without a newline
  }
USER\src\clock_config.c: 3 warnings, 0 errors
compiling pwm.c...
USER\src\../inc/stm32f401ret6.h(218): warning:  #1-D: last line of file ends without a newline
  #endif //STM32_REGISTER_STM32F401RET6_H
USER\src\../inc/pwm.h(11): warning:  #1295-D: Deprecated declaration TIM_UnLock - give arg types
  void TIM_UnLock();
USER\src\pwm.c(33): warning:  #223-D: function "printf" declared implicitly
      printf("1\n");
USER\src\pwm.c(45): warning:  #1-D: last line of file ends without a newline
  }
USER\src\pwm.c: 4 warnings, 0 errors
compiling uart.c...
USER\src\../inc/stm32f401ret6.h(218): warning:  #1-D: last line of file ends without a newline
  #endif //STM32_REGISTER_STM32F401RET6_H
USER\src\uart.c(49): warning:  #1-D: last line of file ends without a newline
  }
USER\src\uart.c: 2 warnings, 0 errors
assembling startup_stm32f401xe.s...
compiling system_stm32f4xx.c...
linking...
Program Size: Code=1560 RO-data=436 RW-data=12 ZI-data=1636  
FromELF: creating hex file...
".\Objects\clock_config.axf" - 0 Error(s), 22 Warning(s).

<h2>Software Packages used:</h2>

Package Vendor: ARM
                http://www.keil.com/pack/ARM.CMSIS.5.8.0.pack
                ARM.CMSIS.5.8.0
                CMSIS (Common Microcontroller Software Interface Standard)
   * Component: CORE Version: 5.5.0

Package Vendor: Keil
                http://www.keil.com/pack/Keil.STM32F4xx_DFP.2.16.0.pack
                Keil.STM32F4xx_DFP.2.16.0
                STMicroelectronics STM32F4 Series Device Support, Drivers and Examples
   * Component: Startup Version: 2.6.3

<h2>Collection of Component include folders:</h2>
  .\RTE\_Target_1
  D:\myinstall\MDK536PACK\ARM\CMSIS\5.8.0\CMSIS\Core\Include
  D:\myinstall\MDK536PACK\Keil\STM32F4xx_DFP\2.16.0\Drivers\CMSIS\Device\ST\STM32F4xx\Include

<h2>Collection of Component Files used:</h2>

   * Component: ARM::CMSIS:CORE:5.5.0

   * Component: Keil::Device:Startup:2.6.3
      Source file:   MDK\Device\Source\ARM\STM32F401xx_OPT.s
      Include file:  Drivers\CMSIS\Device\ST\STM32F4xx\Include\stm32f4xx.h
      Source file:   MDK\Device\Source\ARM\STM32F4xx_OTP.s
      Source file:   Drivers\CMSIS\Device\ST\STM32F4xx\Source\Templates\arm\startup_stm32f401xe.s
      Source file:   Drivers\CMSIS\Device\ST\STM32F4xx\Source\Templates\system_stm32f4xx.c
Build Time Elapsed:  00:00:00
</pre>
</body>
</html>
